2026.06.03 11:19:16 INFO  Started: Metals version 1.6.7 in folders 'C:\Dadlaga\Bodlogo\Bodlogo3' for client Visual Studio Code 1.122.1.
2026.06.03 11:19:16 INFO  Memory monitor started
2026.06.03 11:19:17 WARN  Using H2 2.4.240 which is newer than the version Flyway has been verified with. The latest verified version of H2 is 2.3.232.
2026.06.03 11:19:17 INFO  no build target found for C:\Dadlaga\Bodlogo\Bodlogo3\bod3\src\main\java\com\example\App.java. Using fallback presentation compiler.
2026.06.03 11:19:19 INFO  no build target found for C:\Dadlaga\Bodlogo\Bodlogo3\bod3\src\main\java\com\example\App.java. Using fallback presentation compiler.
2026.06.03 11:20:56 INFO  no build target found for C:\Dadlaga\Bodlogo\Bodlogo3\bod3\src\main\java\com\example\App.java. Using fallback presentation compiler.
2026.06.03 11:20:58 WARN  no build target for: C:\Dadlaga\Bodlogo\Bodlogo3\bod3\src\main\java\com\example\App.java
2026.06.03 11:20:58 INFO  no build target found for C:\Dadlaga\Bodlogo\Bodlogo3\bod3\src\main\java\com\example\App.java. Using fallback presentation compiler.
2026.06.03 11:21:00 INFO  no build target found for C:\Dadlaga\Bodlogo\Bodlogo3\bod3\src\main\java\com\example\App.java. Using fallback presentation compiler.
2026.06.03 11:21:00 INFO  no build target found for C:\Dadlaga\Bodlogo\Bodlogo3\bod3\src\main\java\com\example\App.java. Using fallback presentation compiler.
2026.06.03 11:21:00 INFO  no build target found for C:\Dadlaga\Bodlogo\Bodlogo3\bod3\src\main\java\com\example\App.java. Using fallback presentation compiler.
2026.06.03 11:21:02 INFO  no build target found for C:\Dadlaga\Bodlogo\Bodlogo3\bod3\src\main\java\com\example\App.java. Using fallback presentation compiler.
2026.06.03 11:21:02 INFO  no build target found for C:\Dadlaga\Bodlogo\Bodlogo3\bod3\src\main\java\com\example\App.java. Using fallback presentation compiler.
2026.06.03 11:21:02 INFO  no build target found for C:\Dadlaga\Bodlogo\Bodlogo3\bod3\src\main\java\com\example\App.java. Using fallback presentation compiler.
2026.06.03 11:21:02 INFO  no build target found for C:\Dadlaga\Bodlogo\Bodlogo3\bod3\src\main\java\com\example\App.java. Using fallback presentation compiler.
2026.06.03 11:21:02 INFO  Created report: Optional[file:///C:/Dadlaga/Bodlogo/Bodlogo3/bod3/src/main/java/com/example/App.java]
2026.06.03 11:21:02 INFO  empty definition using pc, found symbol in pc: _empty_/Scene#setRoot# (full report at: "C:\Dadlaga\Bodlogo\Bodlogo3\.metals\.reports\metals-full\2026-06-03\r_empty-definition_11-21-02-428.md")
2026.06.03 11:27:15 INFO  Shutting down server
2026.06.03 11:27:15 INFO  Memory monitor stopped
2026.06.03 11:27:15 INFO  shutting down Metals
2026.06.03 11:27:15 INFO  Exiting server
