2026.06.02 15:48:31 INFO  Started: Metals version 1.6.7 in folders 'C:\Dadlaga\Bodlogo\Bodlogo2' for client Visual Studio Code 1.122.1.
2026.06.02 15:48:31 INFO  Memory monitor started
2026.06.02 15:48:33 WARN  Using H2 2.4.240 which is newer than the version Flyway has been verified with. The latest verified version of H2 is 2.3.232.
2026.06.02 15:48:33 INFO  no build target found for C:\Dadlaga\Bodlogo\Bodlogo2\bodlogo2\src\main\java\com\example\App.java. Using fallback presentation compiler.
Jun 02, 2026 3:48:34 PM org.eclipse.lsp4j.jsonrpc.RemoteEndpoint handleCancellation
WARNING: Unmatched cancel notification for request id 2
Jun 02, 2026 3:48:34 PM org.eclipse.lsp4j.jsonrpc.RemoteEndpoint handleCancellation
WARNING: Unmatched cancel notification for request id 1
2026.06.02 15:48:34 INFO  no build target found for C:\Dadlaga\Bodlogo\Bodlogo2\bodlogo2\src\main\java\com\example\App.java. Using fallback presentation compiler.
2026.06.02 15:48:34 INFO  no build target found for C:\Dadlaga\Bodlogo\Bodlogo2\bodlogo2\src\main\java\com\example\PrimaryController.java. Using fallback presentation compiler.
Jun 02, 2026 3:48:34 PM org.eclipse.lsp4j.jsonrpc.RemoteEndpoint handleCancellation
WARNING: Unmatched cancel notification for request id 6
2026.06.02 15:48:34 INFO  no build target found for C:\Dadlaga\Bodlogo\Bodlogo2\bodlogo2\src\main\java\com\example\PrimaryController.java. Using fallback presentation compiler.
2026.06.02 15:48:34 INFO  no build target found for C:\Dadlaga\Bodlogo\Bodlogo2\bodlogo2\src\main\java\com\example\PrimaryController.java. Using fallback presentation compiler.
2026.06.02 15:48:35 INFO  no build target found for C:\Dadlaga\Bodlogo\Bodlogo2\bodlogo2\src\main\java\com\example\PrimaryController.java. Using fallback presentation compiler.
2026.06.02 15:48:35 INFO  no build target found for C:\Dadlaga\Bodlogo\Bodlogo2\bodlogo2\src\main\java\com\example\SecondaryController.java. Using fallback presentation compiler.
2026.06.02 15:48:35 INFO  no build target found for C:\Dadlaga\Bodlogo\Bodlogo2\bodlogo2\src\main\java\com\example\SecondaryController.java. Using fallback presentation compiler.
2026.06.02 15:48:35 INFO  no build target found for C:\Dadlaga\Bodlogo\Bodlogo2\bodlogo2\src\main\java\com\example\SecondaryController.java. Using fallback presentation compiler.
2026.06.02 15:48:40 WARN  no build target for: C:\Dadlaga\Bodlogo\Bodlogo2\bodlogo2\src\main\java\com\example\PrimaryController.java
2026.06.02 15:48:40 WARN  no build target for: C:\Dadlaga\Bodlogo\Bodlogo2\bodlogo2\src\main\java\com\example\App.java
2026.06.02 15:48:40 WARN  no build target for: C:\Dadlaga\Bodlogo\Bodlogo2\bodlogo2\src\main\java\com\example\SecondaryController.java
2026.06.02 15:48:40 INFO  no build target found for C:\Dadlaga\Bodlogo\Bodlogo2\bodlogo2\src\main\java\com\example\SecondaryController.java. Using fallback presentation compiler.
2026.06.02 15:48:41 INFO  no build target found for C:\Dadlaga\Bodlogo\Bodlogo2\bodlogo2\src\main\java\com\example\SecondaryController.java. Using fallback presentation compiler.
2026.06.02 16:01:18 INFO  no build target found for C:\Dadlaga\Bodlogo\Bodlogo2\bodlogo2\src\main\java\com\example\Controller.java. Using fallback presentation compiler.
2026.06.02 16:01:18 WARN  no build target for: C:\Dadlaga\Bodlogo\Bodlogo2\bodlogo2\src\main\java\com\example\Controller.java
2026.06.02 16:01:18 INFO  no build target found for C:\Dadlaga\Bodlogo\Bodlogo2\bodlogo2\src\main\java\com\example\SecondaryController.java. Using fallback presentation compiler.
2026.06.02 16:01:18 WARN  no build target for: C:\Dadlaga\Bodlogo\Bodlogo2\bodlogo2\src\main\java\com\example\Controller.java
2026.06.02 16:01:19 INFO  no build target found for C:\Dadlaga\Bodlogo\Bodlogo2\bodlogo2\src\main\java\com\example\SecondaryController.java. Using fallback presentation compiler.
2026.06.02 16:01:19 INFO  no build target found for C:\Dadlaga\Bodlogo\Bodlogo2\bodlogo2\src\main\java\com\example\Controller.java. Using fallback presentation compiler.
2026.06.02 16:01:19 INFO  no build target found for C:\Dadlaga\Bodlogo\Bodlogo2\bodlogo2\src\main\java\com\example\Controller.java. Using fallback presentation compiler.
2026.06.02 16:01:20 INFO  no build target found for C:\Dadlaga\Bodlogo\Bodlogo2\bodlogo2\src\main\java\com\example\Controller.java. Using fallback presentation compiler.
2026.06.02 16:01:20 INFO  no build target found for C:\Dadlaga\Bodlogo\Bodlogo2\bodlogo2\src\main\java\com\example\Controller.java. Using fallback presentation compiler.
2026.06.02 16:01:20 INFO  no build target found for C:\Dadlaga\Bodlogo\Bodlogo2\bodlogo2\src\main\java\com\example\Controller.java. Using fallback presentation compiler.
2026.06.02 16:01:21 INFO  no build target found for C:\Dadlaga\Bodlogo\Bodlogo2\bodlogo2\src\main\java\com\example\Controller.java. Using fallback presentation compiler.
2026.06.02 16:01:21 INFO  no build target found for C:\Dadlaga\Bodlogo\Bodlogo2\bodlogo2\src\main\java\com\example\Controller.java. Using fallback presentation compiler.
2026.06.02 16:01:21 INFO  no build target found for C:\Dadlaga\Bodlogo\Bodlogo2\bodlogo2\src\main\java\com\example\Controller.java. Using fallback presentation compiler.
2026.06.02 16:01:23 INFO  no build target found for C:\Dadlaga\Bodlogo\Bodlogo2\bodlogo2\src\main\java\com\example\Controller.java. Using fallback presentation compiler.
2026.06.02 16:01:23 INFO  no build target found for C:\Dadlaga\Bodlogo\Bodlogo2\bodlogo2\src\main\java\com\example\Controller.java. Using fallback presentation compiler.
2026.06.02 16:01:23 INFO  no build target found for C:\Dadlaga\Bodlogo\Bodlogo2\bodlogo2\src\main\java\com\example\Controller.java. Using fallback presentation compiler.
2026.06.02 16:01:24 INFO  no build target found for C:\Dadlaga\Bodlogo\Bodlogo2\bodlogo2\src\main\java\com\example\Controller.java. Using fallback presentation compiler.
2026.06.02 16:01:24 INFO  no build target found for C:\Dadlaga\Bodlogo\Bodlogo2\bodlogo2\src\main\java\com\example\Controller.java. Using fallback presentation compiler.
2026.06.02 16:01:46 WARN  no build target for: C:\Dadlaga\Bodlogo\Bodlogo2\bodlogo2\src\main\java\com\example\App.java
2026.06.02 16:01:46 INFO  no build target found for C:\Dadlaga\Bodlogo\Bodlogo2\bodlogo2\src\main\java\com\example\App.java. Using fallback presentation compiler.
2026.06.02 16:01:46 INFO  no build target found for C:\Dadlaga\Bodlogo\Bodlogo2\bodlogo2\src\main\java\com\example\App.java. Using fallback presentation compiler.
2026.06.02 16:01:46 INFO  no build target found for C:\Dadlaga\Bodlogo\Bodlogo2\bodlogo2\src\main\java\com\example\App.java. Using fallback presentation compiler.
2026.06.02 16:01:46 INFO  no build target found for C:\Dadlaga\Bodlogo\Bodlogo2\bodlogo2\src\main\java\com\example\App.java. Using fallback presentation compiler.
2026.06.02 16:01:46 INFO  no build target found for C:\Dadlaga\Bodlogo\Bodlogo2\bodlogo2\src\main\java\com\example\App.java. Using fallback presentation compiler.
2026.06.02 16:01:49 INFO  no build target found for C:\Dadlaga\Bodlogo\Bodlogo2\bodlogo2\src\main\java\com\example\App.java. Using fallback presentation compiler.
2026.06.02 16:01:51 INFO  no build target found for C:\Dadlaga\Bodlogo\Bodlogo2\bodlogo2\src\main\java\com\example\App.java. Using fallback presentation compiler.
2026.06.02 16:01:51 INFO  no build target found for C:\Dadlaga\Bodlogo\Bodlogo2\bodlogo2\src\main\java\com\example\App.java. Using fallback presentation compiler.
2026.06.02 16:01:51 INFO  no build target found for C:\Dadlaga\Bodlogo\Bodlogo2\bodlogo2\src\main\java\com\example\App.java. Using fallback presentation compiler.
2026.06.02 16:01:52 INFO  no build target found for C:\Dadlaga\Bodlogo\Bodlogo2\bodlogo2\src\main\java\com\example\App.java. Using fallback presentation compiler.
2026.06.02 16:01:57 INFO  no build target found for C:\Dadlaga\Bodlogo\Bodlogo2\bodlogo2\src\main\java\com\example\App.java. Using fallback presentation compiler.
2026.06.02 16:01:59 INFO  no build target found for C:\Dadlaga\Bodlogo\Bodlogo2\bodlogo2\src\main\java\com\example\App.java. Using fallback presentation compiler.
2026.06.02 16:02:02 INFO  no build target found for C:\Dadlaga\Bodlogo\Bodlogo2\bodlogo2\src\main\java\com\example\App.java. Using fallback presentation compiler.
2026.06.02 16:02:02 INFO  no build target found for C:\Dadlaga\Bodlogo\Bodlogo2\bodlogo2\src\main\java\com\example\App.java. Using fallback presentation compiler.
2026.06.02 16:02:02 INFO  no build target found for C:\Dadlaga\Bodlogo\Bodlogo2\bodlogo2\src\main\java\com\example\App.java. Using fallback presentation compiler.
2026.06.02 16:02:03 INFO  no build target found for C:\Dadlaga\Bodlogo\Bodlogo2\bodlogo2\src\main\java\com\example\App.java. Using fallback presentation compiler.
2026.06.02 16:02:03 INFO  no build target found for C:\Dadlaga\Bodlogo\Bodlogo2\bodlogo2\src\main\java\com\example\App.java. Using fallback presentation compiler.
2026.06.02 16:02:03 INFO  no build target found for C:\Dadlaga\Bodlogo\Bodlogo2\bodlogo2\src\main\java\com\example\App.java. Using fallback presentation compiler.
2026.06.02 16:02:04 INFO  no build target found for C:\Dadlaga\Bodlogo\Bodlogo2\bodlogo2\src\main\java\com\example\App.java. Using fallback presentation compiler.
2026.06.02 16:02:03 INFO  no build target found for C:\Dadlaga\Bodlogo\Bodlogo2\bodlogo2\src\main\java\com\example\App.java. Using fallback presentation compiler.
2026.06.02 16:02:03 INFO  no build target found for C:\Dadlaga\Bodlogo\Bodlogo2\bodlogo2\src\main\java\com\example\App.java. Using fallback presentation compiler.
2026.06.02 16:02:04 INFO  no build target found for C:\Dadlaga\Bodlogo\Bodlogo2\bodlogo2\src\main\java\com\example\App.java. Using fallback presentation compiler.
2026.06.02 16:02:04 INFO  no build target found for C:\Dadlaga\Bodlogo\Bodlogo2\bodlogo2\src\main\java\com\example\App.java. Using fallback presentation compiler.
2026.06.02 16:02:04 INFO  no build target found for C:\Dadlaga\Bodlogo\Bodlogo2\bodlogo2\src\main\java\com\example\App.java. Using fallback presentation compiler.
2026.06.02 16:02:04 INFO  no build target found for C:\Dadlaga\Bodlogo\Bodlogo2\bodlogo2\src\main\java\com\example\App.java. Using fallback presentation compiler.
2026.06.02 16:02:04 INFO  no build target found for C:\Dadlaga\Bodlogo\Bodlogo2\bodlogo2\src\main\java\com\example\App.java. Using fallback presentation compiler.
2026.06.02 16:02:04 INFO  no build target found for C:\Dadlaga\Bodlogo\Bodlogo2\bodlogo2\src\main\java\com\example\App.java. Using fallback presentation compiler.
2026.06.02 16:02:05 INFO  no build target found for C:\Dadlaga\Bodlogo\Bodlogo2\bodlogo2\src\main\java\com\example\App.java. Using fallback presentation compiler.
2026.06.02 16:02:05 INFO  no build target found for C:\Dadlaga\Bodlogo\Bodlogo2\bodlogo2\src\main\java\com\example\App.java. Using fallback presentation compiler.
2026.06.02 16:02:05 INFO  no build target found for C:\Dadlaga\Bodlogo\Bodlogo2\bodlogo2\src\main\java\com\example\App.java. Using fallback presentation compiler.
2026.06.02 16:02:05 INFO  no build target found for C:\Dadlaga\Bodlogo\Bodlogo2\bodlogo2\src\main\java\com\example\App.java. Using fallback presentation compiler.
2026.06.02 16:02:07 INFO  no build target found for C:\Dadlaga\Bodlogo\Bodlogo2\bodlogo2\src\main\java\com\example\App.java. Using fallback presentation compiler.
2026.06.02 16:02:07 INFO  no build target found for C:\Dadlaga\Bodlogo\Bodlogo2\bodlogo2\src\main\java\com\example\App.java. Using fallback presentation compiler.
2026.06.02 16:02:07 INFO  no build target found for C:\Dadlaga\Bodlogo\Bodlogo2\bodlogo2\src\main\java\com\example\App.java. Using fallback presentation compiler.
2026.06.02 16:02:07 INFO  no build target found for C:\Dadlaga\Bodlogo\Bodlogo2\bodlogo2\src\main\java\com\example\App.java. Using fallback presentation compiler.
2026.06.02 16:02:07 INFO  no build target found for C:\Dadlaga\Bodlogo\Bodlogo2\bodlogo2\src\main\java\com\example\App.java. Using fallback presentation compiler.
2026.06.02 16:02:07 INFO  no build target found for C:\Dadlaga\Bodlogo\Bodlogo2\bodlogo2\src\main\java\com\example\App.java. Using fallback presentation compiler.
2026.06.02 16:02:07 INFO  no build target found for C:\Dadlaga\Bodlogo\Bodlogo2\bodlogo2\src\main\java\com\example\App.java. Using fallback presentation compiler.
2026.06.02 16:02:09 WARN  no build target for: C:\Dadlaga\Bodlogo\Bodlogo2\bodlogo2\src\main\java\com\example\App.java
2026.06.02 16:02:10 INFO  no build target found for C:\Dadlaga\Bodlogo\Bodlogo2\bodlogo2\src\main\java\com\example\App.java. Using fallback presentation compiler.
2026.06.02 16:02:11 INFO  no build target found for C:\Dadlaga\Bodlogo\Bodlogo2\bodlogo2\src\main\java\com\example\App.java. Using fallback presentation compiler.
2026.06.02 16:02:46 INFO  no build target found for C:\Dadlaga\Bodlogo\Bodlogo2\bodlogo2\src\main\java\com\example\App.java. Using fallback presentation compiler.
2026.06.02 16:02:47 INFO  no build target found for C:\Dadlaga\Bodlogo\Bodlogo2\bodlogo2\src\main\java\com\example\Controller.java. Using fallback presentation compiler.
2026.06.02 16:02:47 WARN  no build target for: C:\Dadlaga\Bodlogo\Bodlogo2\bodlogo2\src\main\java\com\example\Controller.java
2026.06.02 16:02:47 INFO  no build target found for C:\Dadlaga\Bodlogo\Bodlogo2\bodlogo2\src\main\java\com\example\Controller.java. Using fallback presentation compiler.
2026.06.02 16:02:50 INFO  no build target found for C:\Dadlaga\Bodlogo\Bodlogo2\bodlogo2\src\main\java\com\example\Controller.java. Using fallback presentation compiler.
2026.06.02 16:02:50 INFO  no build target found for C:\Dadlaga\Bodlogo\Bodlogo2\bodlogo2\src\main\java\com\example\Controller.java. Using fallback presentation compiler.
2026.06.02 16:02:50 INFO  no build target found for C:\Dadlaga\Bodlogo\Bodlogo2\bodlogo2\src\main\java\com\example\Controller.java. Using fallback presentation compiler.
2026.06.02 16:02:50 INFO  no build target found for C:\Dadlaga\Bodlogo\Bodlogo2\bodlogo2\src\main\java\com\example\Controller.java. Using fallback presentation compiler.
2026.06.02 16:03:42 INFO  no build target found for C:\Dadlaga\Bodlogo\Bodlogo2\bodlogo2\src\main\java\com\example\Controller.java. Using fallback presentation compiler.
2026.06.02 16:03:43 INFO  no build target found for C:\Dadlaga\Bodlogo\Bodlogo2\bodlogo2\src\main\java\com\example\Controller.java. Using fallback presentation compiler.
2026.06.02 16:03:43 INFO  no build target found for C:\Dadlaga\Bodlogo\Bodlogo2\bodlogo2\src\main\java\com\example\Controller.java. Using fallback presentation compiler.
2026.06.02 16:03:57 WARN  no build target for: C:\Dadlaga\Bodlogo\Bodlogo2\bodlogo2\src\main\java\com\example\PrimaryController.java
2026.06.02 16:03:57 INFO  no build target found for C:\Dadlaga\Bodlogo\Bodlogo2\bodlogo2\src\main\java\com\example\PrimaryController.java. Using fallback presentation compiler.
2026.06.02 16:03:57 INFO  no build target found for C:\Dadlaga\Bodlogo\Bodlogo2\bodlogo2\src\main\java\com\example\PrimaryController.java. Using fallback presentation compiler.
2026.06.02 16:03:57 INFO  no build target found for C:\Dadlaga\Bodlogo\Bodlogo2\bodlogo2\src\main\java\com\example\PrimaryController.java. Using fallback presentation compiler.
2026.06.02 16:03:57 INFO  no build target found for C:\Dadlaga\Bodlogo\Bodlogo2\bodlogo2\src\main\java\com\example\PrimaryController.java. Using fallback presentation compiler.
2026.06.02 16:03:58 INFO  no build target found for C:\Dadlaga\Bodlogo\Bodlogo2\bodlogo2\src\main\java\com\example\PrimaryController.java. Using fallback presentation compiler.
2026.06.02 16:03:58 WARN  no build target for: C:\Dadlaga\Bodlogo\Bodlogo2\bodlogo2\src\main\java\com\example\SecondaryController.java
2026.06.02 16:03:58 INFO  no build target found for C:\Dadlaga\Bodlogo\Bodlogo2\bodlogo2\src\main\java\com\example\SecondaryController.java. Using fallback presentation compiler.
2026.06.02 16:03:58 INFO  no build target found for C:\Dadlaga\Bodlogo\Bodlogo2\bodlogo2\src\main\java\com\example\SecondaryController.java. Using fallback presentation compiler.
2026.06.02 16:03:58 INFO  no build target found for C:\Dadlaga\Bodlogo\Bodlogo2\bodlogo2\src\main\java\com\example\SecondaryController.java. Using fallback presentation compiler.
2026.06.02 16:03:58 INFO  no build target found for C:\Dadlaga\Bodlogo\Bodlogo2\bodlogo2\src\main\java\com\example\SecondaryController.java. Using fallback presentation compiler.
2026.06.02 16:04:35 INFO  no build target found for C:\Dadlaga\Bodlogo\Bodlogo2\bodlogo2\src\main\java\com\example\Controller.java. Using fallback presentation compiler.
2026.06.02 16:04:35 WARN  no build target for: C:\Dadlaga\Bodlogo\Bodlogo2\bodlogo2\src\main\java\com\example\Controller.java
2026.06.02 16:04:35 INFO  no build target found for C:\Dadlaga\Bodlogo\Bodlogo2\bodlogo2\src\main\java\com\example\Controller.java. Using fallback presentation compiler.
2026.06.02 16:04:37 INFO  no build target found for C:\Dadlaga\Bodlogo\Bodlogo2\bodlogo2\src\main\java\com\example\App.java. Using fallback presentation compiler.
2026.06.02 16:04:37 WARN  no build target for: C:\Dadlaga\Bodlogo\Bodlogo2\bodlogo2\src\main\java\com\example\App.java
2026.06.02 16:04:37 INFO  no build target found for C:\Dadlaga\Bodlogo\Bodlogo2\bodlogo2\src\main\java\com\example\App.java. Using fallback presentation compiler.
2026.06.02 16:04:37 INFO  no build target found for C:\Dadlaga\Bodlogo\Bodlogo2\bodlogo2\src\main\java\com\example\App.java. Using fallback presentation compiler.
2026.06.02 16:04:37 INFO  no build target found for C:\Dadlaga\Bodlogo\Bodlogo2\bodlogo2\src\main\java\com\example\App.java. Using fallback presentation compiler.
2026.06.02 16:04:37 INFO  no build target found for C:\Dadlaga\Bodlogo\Bodlogo2\bodlogo2\src\main\java\com\example\App.java. Using fallback presentation compiler.
2026.06.02 16:04:37 INFO  no build target found for C:\Dadlaga\Bodlogo\Bodlogo2\bodlogo2\src\main\java\com\example\App.java. Using fallback presentation compiler.
2026.06.02 16:04:39 INFO  no build target found for C:\Dadlaga\Bodlogo\Bodlogo2\bodlogo2\src\main\java\com\example\Controller.java. Using fallback presentation compiler.
2026.06.02 16:04:39 WARN  no build target for: C:\Dadlaga\Bodlogo\Bodlogo2\bodlogo2\src\main\java\com\example\Controller.java
2026.06.02 16:04:39 INFO  no build target found for C:\Dadlaga\Bodlogo\Bodlogo2\bodlogo2\src\main\java\com\example\Controller.java. Using fallback presentation compiler.
2026.06.02 16:04:41 INFO  no build target found for C:\Dadlaga\Bodlogo\Bodlogo2\bodlogo2\src\main\java\com\example\Controller.java. Using fallback presentation compiler.
2026.06.02 16:04:41 INFO  no build target found for C:\Dadlaga\Bodlogo\Bodlogo2\bodlogo2\src\main\java\com\example\Controller.java. Using fallback presentation compiler.
2026.06.02 16:04:44 INFO  no build target found for C:\Dadlaga\Bodlogo\Bodlogo2\bodlogo2\src\main\java\com\example\Controller.java. Using fallback presentation compiler.
2026.06.02 16:04:48 INFO  no build target found for C:\Dadlaga\Bodlogo\Bodlogo2\bodlogo2\src\main\java\com\example\SecondaryController.java. Using fallback presentation compiler.
2026.06.02 16:04:48 WARN  no build target for: C:\Dadlaga\Bodlogo\Bodlogo2\bodlogo2\src\main\java\com\example\SecondaryController.java
2026.06.02 16:04:48 INFO  no build target found for C:\Dadlaga\Bodlogo\Bodlogo2\bodlogo2\src\main\java\com\example\SecondaryController.java. Using fallback presentation compiler.
2026.06.02 16:04:48 INFO  no build target found for C:\Dadlaga\Bodlogo\Bodlogo2\bodlogo2\src\main\java\com\example\SecondaryController.java. Using fallback presentation compiler.
2026.06.02 16:04:48 INFO  no build target found for C:\Dadlaga\Bodlogo\Bodlogo2\bodlogo2\src\main\java\com\example\SecondaryController.java. Using fallback presentation compiler.
2026.06.02 16:04:59 INFO  no build target found for C:\Dadlaga\Bodlogo\Bodlogo2\bodlogo2\src\main\java\com\example\SecondaryController.java. Using fallback presentation compiler.
2026.06.02 16:05:00 INFO  no build target found for C:\Dadlaga\Bodlogo\Bodlogo2\bodlogo2\src\main\java\com\example\App.java. Using fallback presentation compiler.
2026.06.02 16:05:00 WARN  no build target for: C:\Dadlaga\Bodlogo\Bodlogo2\bodlogo2\src\main\java\com\example\App.java
2026.06.02 16:05:00 INFO  no build target found for C:\Dadlaga\Bodlogo\Bodlogo2\bodlogo2\src\main\java\com\example\App.java. Using fallback presentation compiler.
2026.06.02 16:05:00 INFO  no build target found for C:\Dadlaga\Bodlogo\Bodlogo2\bodlogo2\src\main\java\com\example\App.java. Using fallback presentation compiler.
2026.06.02 16:05:00 INFO  no build target found for C:\Dadlaga\Bodlogo\Bodlogo2\bodlogo2\src\main\java\com\example\App.java. Using fallback presentation compiler.
2026.06.02 16:05:00 INFO  no build target found for C:\Dadlaga\Bodlogo\Bodlogo2\bodlogo2\src\main\java\com\example\App.java. Using fallback presentation compiler.
2026.06.02 16:05:00 INFO  no build target found for C:\Dadlaga\Bodlogo\Bodlogo2\bodlogo2\src\main\java\com\example\App.java. Using fallback presentation compiler.
2026.06.02 16:05:00 INFO  no build target found for C:\Dadlaga\Bodlogo\Bodlogo2\bodlogo2\src\main\java\com\example\Controller.java. Using fallback presentation compiler.
2026.06.02 16:05:01 WARN  no build target for: C:\Dadlaga\Bodlogo\Bodlogo2\bodlogo2\src\main\java\com\example\Controller.java
2026.06.02 16:05:01 INFO  no build target found for C:\Dadlaga\Bodlogo\Bodlogo2\bodlogo2\src\main\java\com\example\Controller.java. Using fallback presentation compiler.
2026.06.02 16:05:01 INFO  no build target found for C:\Dadlaga\Bodlogo\Bodlogo2\bodlogo2\src\main\java\com\example\Controller.java. Using fallback presentation compiler.
2026.06.02 16:05:01 INFO  no build target found for C:\Dadlaga\Bodlogo\Bodlogo2\bodlogo2\src\main\java\com\example\Controller.java. Using fallback presentation compiler.
2026.06.02 16:05:01 INFO  no build target found for C:\Dadlaga\Bodlogo\Bodlogo2\bodlogo2\src\main\java\com\example\Controller.java. Using fallback presentation compiler.
2026.06.02 16:05:01 INFO  no build target found for C:\Dadlaga\Bodlogo\Bodlogo2\bodlogo2\src\main\java\com\example\Controller.java. Using fallback presentation compiler.
2026.06.02 16:05:01 INFO  no build target found for C:\Dadlaga\Bodlogo\Bodlogo2\bodlogo2\src\main\java\com\example\Controller.java. Using fallback presentation compiler.
2026.06.02 16:05:01 INFO  no build target found for C:\Dadlaga\Bodlogo\Bodlogo2\bodlogo2\src\main\java\com\example\Controller.java. Using fallback presentation compiler.
2026.06.02 16:05:01 INFO  no build target found for C:\Dadlaga\Bodlogo\Bodlogo2\bodlogo2\src\main\java\com\example\Controller.java. Using fallback presentation compiler.
2026.06.02 16:05:02 INFO  no build target found for C:\Dadlaga\Bodlogo\Bodlogo2\bodlogo2\src\main\java\com\example\Controller.java. Using fallback presentation compiler.
2026.06.02 16:05:03 WARN  no build target for: C:\Dadlaga\Bodlogo\Bodlogo2\bodlogo2\src\main\java\com\example\Controller.java
2026.06.02 16:05:03 INFO  no build target found for C:\Dadlaga\Bodlogo\Bodlogo2\bodlogo2\src\main\java\com\example\Controller.java. Using fallback presentation compiler.
2026.06.02 16:05:06 INFO  no build target found for C:\Dadlaga\Bodlogo\Bodlogo2\bodlogo2\src\main\java\com\example\Controller.java. Using fallback presentation compiler.
2026.06.02 16:05:06 INFO  no build target found for C:\Dadlaga\Bodlogo\Bodlogo2\bodlogo2\src\main\java\com\example\Controller.java. Using fallback presentation compiler.
2026.06.02 16:05:07 INFO  no build target found for C:\Dadlaga\Bodlogo\Bodlogo2\bodlogo2\src\main\java\com\example\Controller.java. Using fallback presentation compiler.
2026.06.02 16:05:07 INFO  no build target found for C:\Dadlaga\Bodlogo\Bodlogo2\bodlogo2\src\main\java\com\example\Controller.java. Using fallback presentation compiler.
2026.06.02 16:05:21 INFO  no build target found for C:\Dadlaga\Bodlogo\Bodlogo2\bodlogo2\src\main\java\com\example\App.java. Using fallback presentation compiler.
2026.06.02 16:13:14 INFO  no build target found for C:\Dadlaga\Bodlogo\Bodlogo2\bodlogo2\src\main\java\com\example\Controller.java. Using fallback presentation compiler.
2026.06.02 16:13:14 INFO  no build target found for C:\Dadlaga\Bodlogo\Bodlogo2\bodlogo2\src\main\java\com\example\App.java. Using fallback presentation compiler.
2026.06.02 16:13:15 WARN  no build target for: C:\Dadlaga\Bodlogo\Bodlogo2\bodlogo2\src\main\java\com\example\App.java
2026.06.02 16:13:14 INFO  no build target found for C:\Dadlaga\Bodlogo\Bodlogo2\bodlogo2\src\main\java\com\example\App.java. Using fallback presentation compiler.
2026.06.02 16:13:15 INFO  no build target found for C:\Dadlaga\Bodlogo\Bodlogo2\bodlogo2\src\main\java\com\example\App.java. Using fallback presentation compiler.
2026.06.02 16:13:15 INFO  no build target found for C:\Dadlaga\Bodlogo\Bodlogo2\bodlogo2\src\main\java\com\example\App.java. Using fallback presentation compiler.
Jun 02, 2026 4:13:15 PM org.eclipse.lsp4j.jsonrpc.RemoteEndpoint handleCancellation
WARNING: Unmatched cancel notification for request id 233
2026.06.02 16:13:15 INFO  no build target found for C:\Dadlaga\Bodlogo\Bodlogo2\bodlogo2\src\main\java\com\example\App.java. Using fallback presentation compiler.
2026.06.02 16:13:15 INFO  no build target found for C:\Dadlaga\Bodlogo\Bodlogo2\bodlogo2\src\main\java\com\example\App.java. Using fallback presentation compiler.
2026.06.02 16:13:16 INFO  no build target found for C:\Dadlaga\Bodlogo\Bodlogo2\bodlogo2\src\main\java\com\example\SecondaryController.java. Using fallback presentation compiler.
2026.06.02 16:13:16 WARN  no build target for: C:\Dadlaga\Bodlogo\Bodlogo2\bodlogo2\src\main\java\com\example\SecondaryController.java
2026.06.02 16:13:16 INFO  no build target found for C:\Dadlaga\Bodlogo\Bodlogo2\bodlogo2\src\main\java\com\example\SecondaryController.java. Using fallback presentation compiler.
2026.06.02 16:13:16 INFO  no build target found for C:\Dadlaga\Bodlogo\Bodlogo2\bodlogo2\src\main\java\com\example\SecondaryController.java. Using fallback presentation compiler.
2026.06.02 16:13:16 INFO  no build target found for C:\Dadlaga\Bodlogo\Bodlogo2\bodlogo2\src\main\java\com\example\SecondaryController.java. Using fallback presentation compiler.
2026.06.02 16:13:16 INFO  no build target found for C:\Dadlaga\Bodlogo\Bodlogo2\bodlogo2\src\main\java\com\example\Controller.java. Using fallback presentation compiler.
2026.06.02 16:13:17 WARN  no build target for: C:\Dadlaga\Bodlogo\Bodlogo2\bodlogo2\src\main\java\com\example\Controller.java
2026.06.02 16:13:16 INFO  no build target found for C:\Dadlaga\Bodlogo\Bodlogo2\bodlogo2\src\main\java\com\example\Controller.java. Using fallback presentation compiler.
2026.06.02 16:13:17 INFO  no build target found for C:\Dadlaga\Bodlogo\Bodlogo2\bodlogo2\src\main\java\com\example\Controller.java. Using fallback presentation compiler.
2026.06.02 16:13:17 INFO  no build target found for C:\Dadlaga\Bodlogo\Bodlogo2\bodlogo2\src\main\java\com\example\Controller.java. Using fallback presentation compiler.
2026.06.02 16:13:23 INFO  no build target found for C:\Dadlaga\Bodlogo\Bodlogo2\bodlogo2\src\main\java\com\example\Controller.java. Using fallback presentation compiler.
2026.06.02 16:13:33 WARN  no build target for: C:\Dadlaga\Bodlogo\Bodlogo2\bodlogo2\src\main\java\com\example\Controller.java
2026.06.02 16:13:33 INFO  no build target found for C:\Dadlaga\Bodlogo\Bodlogo2\bodlogo2\src\main\java\com\example\Controller.java. Using fallback presentation compiler.
2026.06.02 16:13:38 INFO  no build target found for C:\Dadlaga\Bodlogo\Bodlogo2\bodlogo2\src\main\java\com\example\Controller.java. Using fallback presentation compiler.
2026.06.02 16:13:38 INFO  no build target found for C:\Dadlaga\Bodlogo\Bodlogo2\bodlogo2\src\main\java\com\example\Controller.java. Using fallback presentation compiler.
2026.06.02 16:13:39 INFO  no build target found for C:\Dadlaga\Bodlogo\Bodlogo2\bodlogo2\src\main\java\com\example\Controller.java. Using fallback presentation compiler.
2026.06.02 16:13:39 INFO  no build target found for C:\Dadlaga\Bodlogo\Bodlogo2\bodlogo2\src\main\java\com\example\Controller.java. Using fallback presentation compiler.
2026.06.02 16:13:39 INFO  no build target found for C:\Dadlaga\Bodlogo\Bodlogo2\bodlogo2\src\main\java\com\example\Controller.java. Using fallback presentation compiler.
2026.06.02 16:13:39 INFO  Created report: Optional[file:///C:/Dadlaga/Bodlogo/Bodlogo2/bodlogo2/src/main/java/com/example/Controller.java]
2026.06.02 16:13:39 INFO  empty definition using pc, found symbol in pc: _empty_/TextField# (full report at: "C:\Dadlaga\Bodlogo\Bodlogo2\.metals\.reports\metals-full\2026-06-02\r_empty-definition_16-13-40-049.md")
2026.06.02 16:13:40 INFO  no build target found for C:\Dadlaga\Bodlogo\Bodlogo2\bodlogo2\src\main\java\com\example\Controller.java. Using fallback presentation compiler.
2026.06.02 16:13:40 INFO  no build target found for C:\Dadlaga\Bodlogo\Bodlogo2\bodlogo2\src\main\java\com\example\Controller.java. Using fallback presentation compiler.
2026.06.02 16:13:40 INFO  no build target found for C:\Dadlaga\Bodlogo\Bodlogo2\bodlogo2\src\main\java\com\example\Controller.java. Using fallback presentation compiler.
2026.06.02 16:13:41 INFO  no build target found for C:\Dadlaga\Bodlogo\Bodlogo2\bodlogo2\src\main\java\com\example\Controller.java. Using fallback presentation compiler.
2026.06.02 16:13:40 INFO  no build target found for C:\Dadlaga\Bodlogo\Bodlogo2\bodlogo2\src\main\java\com\example\Controller.java. Using fallback presentation compiler.
2026.06.02 16:13:41 INFO  no build target found for C:\Dadlaga\Bodlogo\Bodlogo2\bodlogo2\src\main\java\com\example\Controller.java. Using fallback presentation compiler.
2026.06.02 16:13:41 INFO  no build target found for C:\Dadlaga\Bodlogo\Bodlogo2\bodlogo2\src\main\java\com\example\Controller.java. Using fallback presentation compiler.
2026.06.02 16:13:41 INFO  no build target found for C:\Dadlaga\Bodlogo\Bodlogo2\bodlogo2\src\main\java\com\example\Controller.java. Using fallback presentation compiler.
2026.06.02 16:13:41 INFO  no build target found for C:\Dadlaga\Bodlogo\Bodlogo2\bodlogo2\src\main\java\com\example\Controller.java. Using fallback presentation compiler.
2026.06.02 16:13:42 INFO  no build target found for C:\Dadlaga\Bodlogo\Bodlogo2\bodlogo2\src\main\java\com\example\Controller.java. Using fallback presentation compiler.
2026.06.02 16:13:42 INFO  no build target found for C:\Dadlaga\Bodlogo\Bodlogo2\bodlogo2\src\main\java\com\example\Controller.java. Using fallback presentation compiler.
2026.06.02 16:13:42 INFO  no build target found for C:\Dadlaga\Bodlogo\Bodlogo2\bodlogo2\src\main\java\com\example\Controller.java. Using fallback presentation compiler.
2026.06.02 16:13:43 INFO  no build target found for C:\Dadlaga\Bodlogo\Bodlogo2\bodlogo2\src\main\java\com\example\Controller.java. Using fallback presentation compiler.
2026.06.02 16:13:43 INFO  no build target found for C:\Dadlaga\Bodlogo\Bodlogo2\bodlogo2\src\main\java\com\example\Controller.java. Using fallback presentation compiler.
2026.06.02 16:13:44 INFO  no build target found for C:\Dadlaga\Bodlogo\Bodlogo2\bodlogo2\src\main\java\com\example\Controller.java. Using fallback presentation compiler.
2026.06.02 16:13:43 INFO  no build target found for C:\Dadlaga\Bodlogo\Bodlogo2\bodlogo2\src\main\java\com\example\Controller.java. Using fallback presentation compiler.
2026.06.02 16:13:45 INFO  no build target found for C:\Dadlaga\Bodlogo\Bodlogo2\bodlogo2\src\main\java\com\example\Controller.java. Using fallback presentation compiler.
2026.06.02 16:13:45 INFO  no build target found for C:\Dadlaga\Bodlogo\Bodlogo2\bodlogo2\src\main\java\com\example\Controller.java. Using fallback presentation compiler.
2026.06.02 16:13:45 INFO  no build target found for C:\Dadlaga\Bodlogo\Bodlogo2\bodlogo2\src\main\java\com\example\Controller.java. Using fallback presentation compiler.
2026.06.02 16:13:45 INFO  no build target found for C:\Dadlaga\Bodlogo\Bodlogo2\bodlogo2\src\main\java\com\example\Controller.java. Using fallback presentation compiler.
2026.06.02 16:13:46 INFO  no build target found for C:\Dadlaga\Bodlogo\Bodlogo2\bodlogo2\src\main\java\com\example\Controller.java. Using fallback presentation compiler.
2026.06.02 16:13:46 INFO  no build target found for C:\Dadlaga\Bodlogo\Bodlogo2\bodlogo2\src\main\java\com\example\Controller.java. Using fallback presentation compiler.
2026.06.02 16:13:46 INFO  no build target found for C:\Dadlaga\Bodlogo\Bodlogo2\bodlogo2\src\main\java\com\example\Controller.java. Using fallback presentation compiler.
2026.06.02 16:13:46 INFO  no build target found for C:\Dadlaga\Bodlogo\Bodlogo2\bodlogo2\src\main\java\com\example\Controller.java. Using fallback presentation compiler.
2026.06.02 16:13:46 INFO  no build target found for C:\Dadlaga\Bodlogo\Bodlogo2\bodlogo2\src\main\java\com\example\Controller.java. Using fallback presentation compiler.
2026.06.02 16:13:46 INFO  no build target found for C:\Dadlaga\Bodlogo\Bodlogo2\bodlogo2\src\main\java\com\example\Controller.java. Using fallback presentation compiler.
2026.06.02 16:13:47 INFO  no build target found for C:\Dadlaga\Bodlogo\Bodlogo2\bodlogo2\src\main\java\com\example\Controller.java. Using fallback presentation compiler.
2026.06.02 16:13:47 WARN  no build target for: C:\Dadlaga\Bodlogo\Bodlogo2\bodlogo2\src\main\java\com\example\Controller.java
2026.06.02 16:13:47 INFO  no build target found for C:\Dadlaga\Bodlogo\Bodlogo2\bodlogo2\src\main\java\com\example\Controller.java. Using fallback presentation compiler.
2026.06.02 16:13:47 INFO  no build target found for C:\Dadlaga\Bodlogo\Bodlogo2\bodlogo2\src\main\java\com\example\Controller.java. Using fallback presentation compiler.
2026.06.02 16:13:47 INFO  no build target found for C:\Dadlaga\Bodlogo\Bodlogo2\bodlogo2\src\main\java\com\example\Controller.java. Using fallback presentation compiler.
2026.06.02 16:13:49 INFO  no build target found for C:\Dadlaga\Bodlogo\Bodlogo2\bodlogo2\src\main\java\com\example\Controller.java. Using fallback presentation compiler.
2026.06.02 16:13:49 INFO  no build target found for C:\Dadlaga\Bodlogo\Bodlogo2\bodlogo2\src\main\java\com\example\Controller.java. Using fallback presentation compiler.
2026.06.02 16:13:52 INFO  no build target found for C:\Dadlaga\Bodlogo\Bodlogo2\bodlogo2\src\main\java\com\example\Controller.java. Using fallback presentation compiler.
2026.06.02 16:13:52 INFO  no build target found for C:\Dadlaga\Bodlogo\Bodlogo2\bodlogo2\src\main\java\com\example\Controller.java. Using fallback presentation compiler.
2026.06.02 16:13:54 INFO  no build target found for C:\Dadlaga\Bodlogo\Bodlogo2\bodlogo2\src\main\java\com\example\Controller.java. Using fallback presentation compiler.
2026.06.02 16:14:00 INFO  no build target found for C:\Dadlaga\Bodlogo\Bodlogo2\bodlogo2\src\main\java\com\example\Controller.java. Using fallback presentation compiler.
2026.06.02 16:14:00 INFO  no build target found for C:\Dadlaga\Bodlogo\Bodlogo2\bodlogo2\src\main\java\com\example\Controller.java. Using fallback presentation compiler.
2026.06.02 16:14:00 INFO  no build target found for C:\Dadlaga\Bodlogo\Bodlogo2\bodlogo2\src\main\java\com\example\Controller.java. Using fallback presentation compiler.
2026.06.02 16:14:01 INFO  no build target found for C:\Dadlaga\Bodlogo\Bodlogo2\bodlogo2\src\main\java\com\example\Controller.java. Using fallback presentation compiler.
2026.06.02 16:14:02 INFO  no build target found for C:\Dadlaga\Bodlogo\Bodlogo2\bodlogo2\src\main\java\com\example\Controller.java. Using fallback presentation compiler.
2026.06.02 16:14:02 INFO  no build target found for C:\Dadlaga\Bodlogo\Bodlogo2\bodlogo2\src\main\java\com\example\Controller.java. Using fallback presentation compiler.
2026.06.02 16:14:02 INFO  no build target found for C:\Dadlaga\Bodlogo\Bodlogo2\bodlogo2\src\main\java\com\example\Controller.java. Using fallback presentation compiler.
2026.06.02 16:14:04 INFO  no build target found for C:\Dadlaga\Bodlogo\Bodlogo2\bodlogo2\src\main\java\com\example\Controller.java. Using fallback presentation compiler.
2026.06.02 16:14:04 INFO  no build target found for C:\Dadlaga\Bodlogo\Bodlogo2\bodlogo2\src\main\java\com\example\Controller.java. Using fallback presentation compiler.
2026.06.02 16:14:04 INFO  no build target found for C:\Dadlaga\Bodlogo\Bodlogo2\bodlogo2\src\main\java\com\example\Controller.java. Using fallback presentation compiler.
2026.06.02 16:14:04 INFO  no build target found for C:\Dadlaga\Bodlogo\Bodlogo2\bodlogo2\src\main\java\com\example\Controller.java. Using fallback presentation compiler.
2026.06.02 16:14:05 INFO  no build target found for C:\Dadlaga\Bodlogo\Bodlogo2\bodlogo2\src\main\java\com\example\Controller.java. Using fallback presentation compiler.
2026.06.02 16:14:05 INFO  no build target found for C:\Dadlaga\Bodlogo\Bodlogo2\bodlogo2\src\main\java\com\example\Controller.java. Using fallback presentation compiler.
2026.06.02 16:14:05 INFO  no build target found for C:\Dadlaga\Bodlogo\Bodlogo2\bodlogo2\src\main\java\com\example\Controller.java. Using fallback presentation compiler.
2026.06.02 16:14:05 INFO  no build target found for C:\Dadlaga\Bodlogo\Bodlogo2\bodlogo2\src\main\java\com\example\Controller.java. Using fallback presentation compiler.
2026.06.02 16:14:05 INFO  no build target found for C:\Dadlaga\Bodlogo\Bodlogo2\bodlogo2\src\main\java\com\example\Controller.java. Using fallback presentation compiler.
2026.06.02 16:14:06 INFO  no build target found for C:\Dadlaga\Bodlogo\Bodlogo2\bodlogo2\src\main\java\com\example\Controller.java. Using fallback presentation compiler.
2026.06.02 16:14:07 INFO  no build target found for C:\Dadlaga\Bodlogo\Bodlogo2\bodlogo2\src\main\java\com\example\Controller.java. Using fallback presentation compiler.
Jun 02, 2026 4:14:07 PM org.eclipse.lsp4j.jsonrpc.RemoteEndpoint handleCancellation
WARNING: Unmatched cancel notification for request id 353
2026.06.02 16:14:07 INFO  no build target found for C:\Dadlaga\Bodlogo\Bodlogo2\bodlogo2\src\main\java\com\example\Controller.java. Using fallback presentation compiler.
2026.06.02 16:14:07 INFO  no build target found for C:\Dadlaga\Bodlogo\Bodlogo2\bodlogo2\src\main\java\com\example\Controller.java. Using fallback presentation compiler.
2026.06.02 16:14:07 INFO  no build target found for C:\Dadlaga\Bodlogo\Bodlogo2\bodlogo2\src\main\java\com\example\Controller.java. Using fallback presentation compiler.
2026.06.02 16:14:07 INFO  no build target found for C:\Dadlaga\Bodlogo\Bodlogo2\bodlogo2\src\main\java\com\example\Controller.java. Using fallback presentation compiler.
2026.06.02 16:14:08 INFO  no build target found for C:\Dadlaga\Bodlogo\Bodlogo2\bodlogo2\src\main\java\com\example\Controller.java. Using fallback presentation compiler.
2026.06.02 16:14:08 INFO  no build target found for C:\Dadlaga\Bodlogo\Bodlogo2\bodlogo2\src\main\java\com\example\Controller.java. Using fallback presentation compiler.
2026.06.02 16:14:08 INFO  no build target found for C:\Dadlaga\Bodlogo\Bodlogo2\bodlogo2\src\main\java\com\example\Controller.java. Using fallback presentation compiler.
2026.06.02 16:14:08 INFO  no build target found for C:\Dadlaga\Bodlogo\Bodlogo2\bodlogo2\src\main\java\com\example\Controller.java. Using fallback presentation compiler.
2026.06.02 16:14:08 INFO  no build target found for C:\Dadlaga\Bodlogo\Bodlogo2\bodlogo2\src\main\java\com\example\Controller.java. Using fallback presentation compiler.
2026.06.02 16:14:08 INFO  no build target found for C:\Dadlaga\Bodlogo\Bodlogo2\bodlogo2\src\main\java\com\example\Controller.java. Using fallback presentation compiler.
2026.06.02 16:14:08 INFO  no build target found for C:\Dadlaga\Bodlogo\Bodlogo2\bodlogo2\src\main\java\com\example\Controller.java. Using fallback presentation compiler.
2026.06.02 16:14:09 INFO  no build target found for C:\Dadlaga\Bodlogo\Bodlogo2\bodlogo2\src\main\java\com\example\Controller.java. Using fallback presentation compiler.
2026.06.02 16:14:09 INFO  no build target found for C:\Dadlaga\Bodlogo\Bodlogo2\bodlogo2\src\main\java\com\example\Controller.java. Using fallback presentation compiler.
2026.06.02 16:14:09 INFO  no build target found for C:\Dadlaga\Bodlogo\Bodlogo2\bodlogo2\src\main\java\com\example\Controller.java. Using fallback presentation compiler.
2026.06.02 16:14:09 INFO  no build target found for C:\Dadlaga\Bodlogo\Bodlogo2\bodlogo2\src\main\java\com\example\Controller.java. Using fallback presentation compiler.
2026.06.02 16:14:09 INFO  no build target found for C:\Dadlaga\Bodlogo\Bodlogo2\bodlogo2\src\main\java\com\example\Controller.java. Using fallback presentation compiler.
2026.06.02 16:14:09 INFO  no build target found for C:\Dadlaga\Bodlogo\Bodlogo2\bodlogo2\src\main\java\com\example\Controller.java. Using fallback presentation compiler.
2026.06.02 16:14:09 INFO  no build target found for C:\Dadlaga\Bodlogo\Bodlogo2\bodlogo2\src\main\java\com\example\Controller.java. Using fallback presentation compiler.
2026.06.02 16:14:10 INFO  no build target found for C:\Dadlaga\Bodlogo\Bodlogo2\bodlogo2\src\main\java\com\example\Controller.java. Using fallback presentation compiler.
2026.06.02 16:14:10 INFO  no build target found for C:\Dadlaga\Bodlogo\Bodlogo2\bodlogo2\src\main\java\com\example\Controller.java. Using fallback presentation compiler.
2026.06.02 16:14:10 INFO  no build target found for C:\Dadlaga\Bodlogo\Bodlogo2\bodlogo2\src\main\java\com\example\Controller.java. Using fallback presentation compiler.
2026.06.02 16:14:10 INFO  no build target found for C:\Dadlaga\Bodlogo\Bodlogo2\bodlogo2\src\main\java\com\example\Controller.java. Using fallback presentation compiler.
2026.06.02 16:14:10 INFO  no build target found for C:\Dadlaga\Bodlogo\Bodlogo2\bodlogo2\src\main\java\com\example\Controller.java. Using fallback presentation compiler.
2026.06.02 16:14:10 INFO  no build target found for C:\Dadlaga\Bodlogo\Bodlogo2\bodlogo2\src\main\java\com\example\Controller.java. Using fallback presentation compiler.
2026.06.02 16:14:10 INFO  no build target found for C:\Dadlaga\Bodlogo\Bodlogo2\bodlogo2\src\main\java\com\example\Controller.java. Using fallback presentation compiler.
2026.06.02 16:14:11 INFO  no build target found for C:\Dadlaga\Bodlogo\Bodlogo2\bodlogo2\src\main\java\com\example\Controller.java. Using fallback presentation compiler.
2026.06.02 16:14:10 INFO  no build target found for C:\Dadlaga\Bodlogo\Bodlogo2\bodlogo2\src\main\java\com\example\Controller.java. Using fallback presentation compiler.
2026.06.02 16:14:12 INFO  no build target found for C:\Dadlaga\Bodlogo\Bodlogo2\bodlogo2\src\main\java\com\example\Controller.java. Using fallback presentation compiler.
2026.06.02 16:14:12 INFO  no build target found for C:\Dadlaga\Bodlogo\Bodlogo2\bodlogo2\src\main\java\com\example\Controller.java. Using fallback presentation compiler.
2026.06.02 16:14:12 INFO  no build target found for C:\Dadlaga\Bodlogo\Bodlogo2\bodlogo2\src\main\java\com\example\Controller.java. Using fallback presentation compiler.
2026.06.02 16:14:12 INFO  no build target found for C:\Dadlaga\Bodlogo\Bodlogo2\bodlogo2\src\main\java\com\example\Controller.java. Using fallback presentation compiler.
2026.06.02 16:14:12 INFO  no build target found for C:\Dadlaga\Bodlogo\Bodlogo2\bodlogo2\src\main\java\com\example\Controller.java. Using fallback presentation compiler.
2026.06.02 16:14:12 INFO  no build target found for C:\Dadlaga\Bodlogo\Bodlogo2\bodlogo2\src\main\java\com\example\Controller.java. Using fallback presentation compiler.
2026.06.02 16:14:12 INFO  no build target found for C:\Dadlaga\Bodlogo\Bodlogo2\bodlogo2\src\main\java\com\example\Controller.java. Using fallback presentation compiler.
2026.06.02 16:14:12 INFO  no build target found for C:\Dadlaga\Bodlogo\Bodlogo2\bodlogo2\src\main\java\com\example\Controller.java. Using fallback presentation compiler.
2026.06.02 16:14:13 INFO  no build target found for C:\Dadlaga\Bodlogo\Bodlogo2\bodlogo2\src\main\java\com\example\Controller.java. Using fallback presentation compiler.
2026.06.02 16:14:13 INFO  no build target found for C:\Dadlaga\Bodlogo\Bodlogo2\bodlogo2\src\main\java\com\example\Controller.java. Using fallback presentation compiler.
2026.06.02 16:14:12 INFO  no build target found for C:\Dadlaga\Bodlogo\Bodlogo2\bodlogo2\src\main\java\com\example\Controller.java. Using fallback presentation compiler.
2026.06.02 16:14:13 INFO  no build target found for C:\Dadlaga\Bodlogo\Bodlogo2\bodlogo2\src\main\java\com\example\Controller.java. Using fallback presentation compiler.
2026.06.02 16:14:13 INFO  no build target found for C:\Dadlaga\Bodlogo\Bodlogo2\bodlogo2\src\main\java\com\example\Controller.java. Using fallback presentation compiler.
2026.06.02 16:14:13 INFO  no build target found for C:\Dadlaga\Bodlogo\Bodlogo2\bodlogo2\src\main\java\com\example\Controller.java. Using fallback presentation compiler.
2026.06.02 16:14:14 INFO  no build target found for C:\Dadlaga\Bodlogo\Bodlogo2\bodlogo2\src\main\java\com\example\Controller.java. Using fallback presentation compiler.
2026.06.02 16:14:14 INFO  no build target found for C:\Dadlaga\Bodlogo\Bodlogo2\bodlogo2\src\main\java\com\example\Controller.java. Using fallback presentation compiler.
2026.06.02 16:14:14 INFO  no build target found for C:\Dadlaga\Bodlogo\Bodlogo2\bodlogo2\src\main\java\com\example\Controller.java. Using fallback presentation compiler.
2026.06.02 16:14:14 INFO  no build target found for C:\Dadlaga\Bodlogo\Bodlogo2\bodlogo2\src\main\java\com\example\Controller.java. Using fallback presentation compiler.
2026.06.02 16:14:14 INFO  no build target found for C:\Dadlaga\Bodlogo\Bodlogo2\bodlogo2\src\main\java\com\example\Controller.java. Using fallback presentation compiler.
2026.06.02 16:14:14 INFO  no build target found for C:\Dadlaga\Bodlogo\Bodlogo2\bodlogo2\src\main\java\com\example\Controller.java. Using fallback presentation compiler.
2026.06.02 16:14:15 INFO  no build target found for C:\Dadlaga\Bodlogo\Bodlogo2\bodlogo2\src\main\java\com\example\Controller.java. Using fallback presentation compiler.
2026.06.02 16:14:15 INFO  no build target found for C:\Dadlaga\Bodlogo\Bodlogo2\bodlogo2\src\main\java\com\example\Controller.java. Using fallback presentation compiler.
2026.06.02 16:14:15 INFO  no build target found for C:\Dadlaga\Bodlogo\Bodlogo2\bodlogo2\src\main\java\com\example\Controller.java. Using fallback presentation compiler.
2026.06.02 16:14:15 INFO  no build target found for C:\Dadlaga\Bodlogo\Bodlogo2\bodlogo2\src\main\java\com\example\Controller.java. Using fallback presentation compiler.
2026.06.02 16:14:15 INFO  no build target found for C:\Dadlaga\Bodlogo\Bodlogo2\bodlogo2\src\main\java\com\example\Controller.java. Using fallback presentation compiler.
2026.06.02 16:14:16 INFO  no build target found for C:\Dadlaga\Bodlogo\Bodlogo2\bodlogo2\src\main\java\com\example\Controller.java. Using fallback presentation compiler.
2026.06.02 16:14:16 INFO  no build target found for C:\Dadlaga\Bodlogo\Bodlogo2\bodlogo2\src\main\java\com\example\Controller.java. Using fallback presentation compiler.
2026.06.02 16:14:16 INFO  no build target found for C:\Dadlaga\Bodlogo\Bodlogo2\bodlogo2\src\main\java\com\example\Controller.java. Using fallback presentation compiler.
2026.06.02 16:14:17 INFO  no build target found for C:\Dadlaga\Bodlogo\Bodlogo2\bodlogo2\src\main\java\com\example\Controller.java. Using fallback presentation compiler.
2026.06.02 16:14:16 INFO  no build target found for C:\Dadlaga\Bodlogo\Bodlogo2\bodlogo2\src\main\java\com\example\Controller.java. Using fallback presentation compiler.
2026.06.02 16:14:16 INFO  no build target found for C:\Dadlaga\Bodlogo\Bodlogo2\bodlogo2\src\main\java\com\example\Controller.java. Using fallback presentation compiler.
2026.06.02 16:14:16 INFO  no build target found for C:\Dadlaga\Bodlogo\Bodlogo2\bodlogo2\src\main\java\com\example\Controller.java. Using fallback presentation compiler.
2026.06.02 16:14:16 INFO  no build target found for C:\Dadlaga\Bodlogo\Bodlogo2\bodlogo2\src\main\java\com\example\Controller.java. Using fallback presentation compiler.
2026.06.02 16:14:17 INFO  no build target found for C:\Dadlaga\Bodlogo\Bodlogo2\bodlogo2\src\main\java\com\example\Controller.java. Using fallback presentation compiler.
2026.06.02 16:14:16 INFO  no build target found for C:\Dadlaga\Bodlogo\Bodlogo2\bodlogo2\src\main\java\com\example\Controller.java. Using fallback presentation compiler.
2026.06.02 16:14:17 INFO  no build target found for C:\Dadlaga\Bodlogo\Bodlogo2\bodlogo2\src\main\java\com\example\Controller.java. Using fallback presentation compiler.
2026.06.02 16:14:17 INFO  no build target found for C:\Dadlaga\Bodlogo\Bodlogo2\bodlogo2\src\main\java\com\example\Controller.java. Using fallback presentation compiler.
2026.06.02 16:14:17 INFO  no build target found for C:\Dadlaga\Bodlogo\Bodlogo2\bodlogo2\src\main\java\com\example\Controller.java. Using fallback presentation compiler.
2026.06.02 16:14:17 INFO  no build target found for C:\Dadlaga\Bodlogo\Bodlogo2\bodlogo2\src\main\java\com\example\Controller.java. Using fallback presentation compiler.
2026.06.02 16:14:17 INFO  no build target found for C:\Dadlaga\Bodlogo\Bodlogo2\bodlogo2\src\main\java\com\example\Controller.java. Using fallback presentation compiler.
2026.06.02 16:14:18 INFO  no build target found for C:\Dadlaga\Bodlogo\Bodlogo2\bodlogo2\src\main\java\com\example\Controller.java. Using fallback presentation compiler.
2026.06.02 16:14:17 INFO  no build target found for C:\Dadlaga\Bodlogo\Bodlogo2\bodlogo2\src\main\java\com\example\Controller.java. Using fallback presentation compiler.
2026.06.02 16:14:19 INFO  no build target found for C:\Dadlaga\Bodlogo\Bodlogo2\bodlogo2\src\main\java\com\example\Controller.java. Using fallback presentation compiler.
2026.06.02 16:14:19 INFO  no build target found for C:\Dadlaga\Bodlogo\Bodlogo2\bodlogo2\src\main\java\com\example\Controller.java. Using fallback presentation compiler.
2026.06.02 16:14:19 INFO  no build target found for C:\Dadlaga\Bodlogo\Bodlogo2\bodlogo2\src\main\java\com\example\Controller.java. Using fallback presentation compiler.
2026.06.02 16:14:19 INFO  no build target found for C:\Dadlaga\Bodlogo\Bodlogo2\bodlogo2\src\main\java\com\example\Controller.java. Using fallback presentation compiler.
2026.06.02 16:14:19 INFO  no build target found for C:\Dadlaga\Bodlogo\Bodlogo2\bodlogo2\src\main\java\com\example\Controller.java. Using fallback presentation compiler.
2026.06.02 16:14:19 INFO  no build target found for C:\Dadlaga\Bodlogo\Bodlogo2\bodlogo2\src\main\java\com\example\Controller.java. Using fallback presentation compiler.
2026.06.02 16:14:19 INFO  no build target found for C:\Dadlaga\Bodlogo\Bodlogo2\bodlogo2\src\main\java\com\example\Controller.java. Using fallback presentation compiler.
2026.06.02 16:14:20 INFO  no build target found for C:\Dadlaga\Bodlogo\Bodlogo2\bodlogo2\src\main\java\com\example\Controller.java. Using fallback presentation compiler.
2026.06.02 16:14:20 INFO  no build target found for C:\Dadlaga\Bodlogo\Bodlogo2\bodlogo2\src\main\java\com\example\Controller.java. Using fallback presentation compiler.
2026.06.02 16:14:20 INFO  no build target found for C:\Dadlaga\Bodlogo\Bodlogo2\bodlogo2\src\main\java\com\example\Controller.java. Using fallback presentation compiler.
2026.06.02 16:14:21 INFO  no build target found for C:\Dadlaga\Bodlogo\Bodlogo2\bodlogo2\src\main\java\com\example\Controller.java. Using fallback presentation compiler.
2026.06.02 16:14:21 INFO  no build target found for C:\Dadlaga\Bodlogo\Bodlogo2\bodlogo2\src\main\java\com\example\Controller.java. Using fallback presentation compiler.
2026.06.02 16:14:21 INFO  no build target found for C:\Dadlaga\Bodlogo\Bodlogo2\bodlogo2\src\main\java\com\example\Controller.java. Using fallback presentation compiler.
2026.06.02 16:14:22 INFO  no build target found for C:\Dadlaga\Bodlogo\Bodlogo2\bodlogo2\src\main\java\com\example\Controller.java. Using fallback presentation compiler.
2026.06.02 16:14:22 INFO  no build target found for C:\Dadlaga\Bodlogo\Bodlogo2\bodlogo2\src\main\java\com\example\Controller.java. Using fallback presentation compiler.
2026.06.02 16:14:22 INFO  no build target found for C:\Dadlaga\Bodlogo\Bodlogo2\bodlogo2\src\main\java\com\example\Controller.java. Using fallback presentation compiler.
2026.06.02 16:14:22 INFO  no build target found for C:\Dadlaga\Bodlogo\Bodlogo2\bodlogo2\src\main\java\com\example\Controller.java. Using fallback presentation compiler.
2026.06.02 16:14:23 INFO  no build target found for C:\Dadlaga\Bodlogo\Bodlogo2\bodlogo2\src\main\java\com\example\Controller.java. Using fallback presentation compiler.
2026.06.02 16:14:23 INFO  no build target found for C:\Dadlaga\Bodlogo\Bodlogo2\bodlogo2\src\main\java\com\example\Controller.java. Using fallback presentation compiler.
2026.06.02 16:14:23 INFO  no build target found for C:\Dadlaga\Bodlogo\Bodlogo2\bodlogo2\src\main\java\com\example\Controller.java. Using fallback presentation compiler.
2026.06.02 16:14:24 INFO  no build target found for C:\Dadlaga\Bodlogo\Bodlogo2\bodlogo2\src\main\java\com\example\Controller.java. Using fallback presentation compiler.
2026.06.02 16:14:24 INFO  no build target found for C:\Dadlaga\Bodlogo\Bodlogo2\bodlogo2\src\main\java\com\example\Controller.java. Using fallback presentation compiler.
2026.06.02 16:14:24 INFO  no build target found for C:\Dadlaga\Bodlogo\Bodlogo2\bodlogo2\src\main\java\com\example\Controller.java. Using fallback presentation compiler.
2026.06.02 16:14:24 INFO  no build target found for C:\Dadlaga\Bodlogo\Bodlogo2\bodlogo2\src\main\java\com\example\Controller.java. Using fallback presentation compiler.
2026.06.02 16:14:26 INFO  no build target found for C:\Dadlaga\Bodlogo\Bodlogo2\bodlogo2\src\main\java\com\example\Controller.java. Using fallback presentation compiler.
2026.06.02 16:14:26 INFO  no build target found for C:\Dadlaga\Bodlogo\Bodlogo2\bodlogo2\src\main\java\com\example\Controller.java. Using fallback presentation compiler.
2026.06.02 16:14:26 INFO  no build target found for C:\Dadlaga\Bodlogo\Bodlogo2\bodlogo2\src\main\java\com\example\Controller.java. Using fallback presentation compiler.
2026.06.02 16:14:26 INFO  no build target found for C:\Dadlaga\Bodlogo\Bodlogo2\bodlogo2\src\main\java\com\example\Controller.java. Using fallback presentation compiler.
2026.06.02 16:14:26 INFO  no build target found for C:\Dadlaga\Bodlogo\Bodlogo2\bodlogo2\src\main\java\com\example\Controller.java. Using fallback presentation compiler.
2026.06.02 16:14:27 INFO  no build target found for C:\Dadlaga\Bodlogo\Bodlogo2\bodlogo2\src\main\java\com\example\Controller.java. Using fallback presentation compiler.
2026.06.02 16:14:27 INFO  no build target found for C:\Dadlaga\Bodlogo\Bodlogo2\bodlogo2\src\main\java\com\example\Controller.java. Using fallback presentation compiler.
2026.06.02 16:14:27 INFO  no build target found for C:\Dadlaga\Bodlogo\Bodlogo2\bodlogo2\src\main\java\com\example\Controller.java. Using fallback presentation compiler.
2026.06.02 16:14:27 INFO  no build target found for C:\Dadlaga\Bodlogo\Bodlogo2\bodlogo2\src\main\java\com\example\Controller.java. Using fallback presentation compiler.
2026.06.02 16:14:28 INFO  no build target found for C:\Dadlaga\Bodlogo\Bodlogo2\bodlogo2\src\main\java\com\example\Controller.java. Using fallback presentation compiler.
2026.06.02 16:14:28 INFO  no build target found for C:\Dadlaga\Bodlogo\Bodlogo2\bodlogo2\src\main\java\com\example\Controller.java. Using fallback presentation compiler.
2026.06.02 16:14:28 INFO  no build target found for C:\Dadlaga\Bodlogo\Bodlogo2\bodlogo2\src\main\java\com\example\Controller.java. Using fallback presentation compiler.
2026.06.02 16:14:28 INFO  no build target found for C:\Dadlaga\Bodlogo\Bodlogo2\bodlogo2\src\main\java\com\example\Controller.java. Using fallback presentation compiler.
2026.06.02 16:14:28 INFO  no build target found for C:\Dadlaga\Bodlogo\Bodlogo2\bodlogo2\src\main\java\com\example\Controller.java. Using fallback presentation compiler.
2026.06.02 16:14:29 INFO  no build target found for C:\Dadlaga\Bodlogo\Bodlogo2\bodlogo2\src\main\java\com\example\Controller.java. Using fallback presentation compiler.
2026.06.02 16:14:29 INFO  no build target found for C:\Dadlaga\Bodlogo\Bodlogo2\bodlogo2\src\main\java\com\example\Controller.java. Using fallback presentation compiler.
2026.06.02 16:14:31 INFO  no build target found for C:\Dadlaga\Bodlogo\Bodlogo2\bodlogo2\src\main\java\com\example\Controller.java. Using fallback presentation compiler.
2026.06.02 16:14:38 INFO  no build target found for C:\Dadlaga\Bodlogo\Bodlogo2\bodlogo2\src\main\java\com\example\Controller.java. Using fallback presentation compiler.
2026.06.02 16:14:38 INFO  no build target found for C:\Dadlaga\Bodlogo\Bodlogo2\bodlogo2\src\main\java\com\example\Controller.java. Using fallback presentation compiler.
2026.06.02 16:14:38 INFO  no build target found for C:\Dadlaga\Bodlogo\Bodlogo2\bodlogo2\src\main\java\com\example\Controller.java. Using fallback presentation compiler.
2026.06.02 16:14:39 INFO  no build target found for C:\Dadlaga\Bodlogo\Bodlogo2\bodlogo2\src\main\java\com\example\Controller.java. Using fallback presentation compiler.
2026.06.02 16:14:39 INFO  no build target found for C:\Dadlaga\Bodlogo\Bodlogo2\bodlogo2\src\main\java\com\example\Controller.java. Using fallback presentation compiler.
2026.06.02 16:14:39 INFO  no build target found for C:\Dadlaga\Bodlogo\Bodlogo2\bodlogo2\src\main\java\com\example\Controller.java. Using fallback presentation compiler.
2026.06.02 16:14:39 INFO  no build target found for C:\Dadlaga\Bodlogo\Bodlogo2\bodlogo2\src\main\java\com\example\Controller.java. Using fallback presentation compiler.
2026.06.02 16:14:40 INFO  no build target found for C:\Dadlaga\Bodlogo\Bodlogo2\bodlogo2\src\main\java\com\example\Controller.java. Using fallback presentation compiler.
2026.06.02 16:14:40 INFO  no build target found for C:\Dadlaga\Bodlogo\Bodlogo2\bodlogo2\src\main\java\com\example\Controller.java. Using fallback presentation compiler.
2026.06.02 16:14:40 INFO  no build target found for C:\Dadlaga\Bodlogo\Bodlogo2\bodlogo2\src\main\java\com\example\Controller.java. Using fallback presentation compiler.
2026.06.02 16:14:40 INFO  no build target found for C:\Dadlaga\Bodlogo\Bodlogo2\bodlogo2\src\main\java\com\example\Controller.java. Using fallback presentation compiler.
2026.06.02 16:14:40 INFO  no build target found for C:\Dadlaga\Bodlogo\Bodlogo2\bodlogo2\src\main\java\com\example\Controller.java. Using fallback presentation compiler.
2026.06.02 16:14:41 INFO  no build target found for C:\Dadlaga\Bodlogo\Bodlogo2\bodlogo2\src\main\java\com\example\Controller.java. Using fallback presentation compiler.
2026.06.02 16:14:41 INFO  no build target found for C:\Dadlaga\Bodlogo\Bodlogo2\bodlogo2\src\main\java\com\example\Controller.java. Using fallback presentation compiler.
2026.06.02 16:14:41 INFO  no build target found for C:\Dadlaga\Bodlogo\Bodlogo2\bodlogo2\src\main\java\com\example\Controller.java. Using fallback presentation compiler.
2026.06.02 16:14:41 INFO  no build target found for C:\Dadlaga\Bodlogo\Bodlogo2\bodlogo2\src\main\java\com\example\Controller.java. Using fallback presentation compiler.
2026.06.02 16:14:41 INFO  no build target found for C:\Dadlaga\Bodlogo\Bodlogo2\bodlogo2\src\main\java\com\example\Controller.java. Using fallback presentation compiler.
2026.06.02 16:14:41 INFO  no build target found for C:\Dadlaga\Bodlogo\Bodlogo2\bodlogo2\src\main\java\com\example\Controller.java. Using fallback presentation compiler.
2026.06.02 16:14:42 INFO  no build target found for C:\Dadlaga\Bodlogo\Bodlogo2\bodlogo2\src\main\java\com\example\Controller.java. Using fallback presentation compiler.
2026.06.02 16:14:41 INFO  no build target found for C:\Dadlaga\Bodlogo\Bodlogo2\bodlogo2\src\main\java\com\example\Controller.java. Using fallback presentation compiler.
2026.06.02 16:14:41 INFO  no build target found for C:\Dadlaga\Bodlogo\Bodlogo2\bodlogo2\src\main\java\com\example\Controller.java. Using fallback presentation compiler.
2026.06.02 16:14:41 INFO  no build target found for C:\Dadlaga\Bodlogo\Bodlogo2\bodlogo2\src\main\java\com\example\Controller.java. Using fallback presentation compiler.
2026.06.02 16:14:42 INFO  no build target found for C:\Dadlaga\Bodlogo\Bodlogo2\bodlogo2\src\main\java\com\example\Controller.java. Using fallback presentation compiler.
2026.06.02 16:14:41 INFO  no build target found for C:\Dadlaga\Bodlogo\Bodlogo2\bodlogo2\src\main\java\com\example\Controller.java. Using fallback presentation compiler.
2026.06.02 16:14:42 INFO  no build target found for C:\Dadlaga\Bodlogo\Bodlogo2\bodlogo2\src\main\java\com\example\Controller.java. Using fallback presentation compiler.
2026.06.02 16:14:42 INFO  no build target found for C:\Dadlaga\Bodlogo\Bodlogo2\bodlogo2\src\main\java\com\example\Controller.java. Using fallback presentation compiler.
2026.06.02 16:14:42 INFO  no build target found for C:\Dadlaga\Bodlogo\Bodlogo2\bodlogo2\src\main\java\com\example\Controller.java. Using fallback presentation compiler.
2026.06.02 16:14:42 INFO  no build target found for C:\Dadlaga\Bodlogo\Bodlogo2\bodlogo2\src\main\java\com\example\Controller.java. Using fallback presentation compiler.
2026.06.02 16:14:43 INFO  no build target found for C:\Dadlaga\Bodlogo\Bodlogo2\bodlogo2\src\main\java\com\example\Controller.java. Using fallback presentation compiler.
2026.06.02 16:14:42 INFO  no build target found for C:\Dadlaga\Bodlogo\Bodlogo2\bodlogo2\src\main\java\com\example\Controller.java. Using fallback presentation compiler.
2026.06.02 16:14:44 INFO  no build target found for C:\Dadlaga\Bodlogo\Bodlogo2\bodlogo2\src\main\java\com\example\Controller.java. Using fallback presentation compiler.
2026.06.02 16:14:44 WARN  no build target for: C:\Dadlaga\Bodlogo\Bodlogo2\bodlogo2\src\main\java\com\example\Controller.java
2026.06.02 16:14:44 INFO  no build target found for C:\Dadlaga\Bodlogo\Bodlogo2\bodlogo2\src\main\java\com\example\Controller.java. Using fallback presentation compiler.
2026.06.02 16:14:45 INFO  no build target found for C:\Dadlaga\Bodlogo\Bodlogo2\bodlogo2\src\main\java\com\example\Controller.java. Using fallback presentation compiler.
2026.06.02 16:14:47 INFO  no build target found for C:\Dadlaga\Bodlogo\Bodlogo2\bodlogo2\src\main\java\com\example\App.java. Using fallback presentation compiler.
2026.06.02 16:14:47 INFO  no build target found for C:\Dadlaga\Bodlogo\Bodlogo2\bodlogo2\src\main\java\com\example\Controller.java. Using fallback presentation compiler.
2026.06.02 16:14:47 INFO  no build target found for C:\Dadlaga\Bodlogo\Bodlogo2\bodlogo2\src\main\java\com\example\Controller.java. Using fallback presentation compiler.
2026.06.02 16:14:47 INFO  no build target found for C:\Dadlaga\Bodlogo\Bodlogo2\bodlogo2\src\main\java\com\example\Controller.java. Using fallback presentation compiler.
2026.06.02 16:14:47 INFO  no build target found for C:\Dadlaga\Bodlogo\Bodlogo2\bodlogo2\src\main\java\com\example\Controller.java. Using fallback presentation compiler.
2026.06.02 16:14:48 INFO  no build target found for C:\Dadlaga\Bodlogo\Bodlogo2\bodlogo2\src\main\java\com\example\Controller.java. Using fallback presentation compiler.
2026.06.02 16:14:48 INFO  no build target found for C:\Dadlaga\Bodlogo\Bodlogo2\bodlogo2\src\main\java\com\example\Controller.java. Using fallback presentation compiler.
2026.06.02 16:14:48 INFO  no build target found for C:\Dadlaga\Bodlogo\Bodlogo2\bodlogo2\src\main\java\com\example\Controller.java. Using fallback presentation compiler.
2026.06.02 16:14:49 INFO  no build target found for C:\Dadlaga\Bodlogo\Bodlogo2\bodlogo2\src\main\java\com\example\Controller.java. Using fallback presentation compiler.
2026.06.02 16:14:51 INFO  no build target found for C:\Dadlaga\Bodlogo\Bodlogo2\bodlogo2\src\main\java\com\example\Controller.java. Using fallback presentation compiler.
2026.06.02 16:14:51 INFO  no build target found for C:\Dadlaga\Bodlogo\Bodlogo2\bodlogo2\src\main\java\com\example\Controller.java. Using fallback presentation compiler.
2026.06.02 16:14:53 INFO  no build target found for C:\Dadlaga\Bodlogo\Bodlogo2\bodlogo2\src\main\java\com\example\Controller.java. Using fallback presentation compiler.
2026.06.02 16:15:01 INFO  no build target found for C:\Dadlaga\Bodlogo\Bodlogo2\bodlogo2\src\main\java\com\example\Controller.java. Using fallback presentation compiler.
2026.06.02 16:15:03 INFO  no build target found for C:\Dadlaga\Bodlogo\Bodlogo2\bodlogo2\src\main\java\com\example\Controller.java. Using fallback presentation compiler.
2026.06.02 16:15:05 INFO  no build target found for C:\Dadlaga\Bodlogo\Bodlogo2\bodlogo2\src\main\java\com\example\Controller.java. Using fallback presentation compiler.
2026.06.02 16:15:06 INFO  no build target found for C:\Dadlaga\Bodlogo\Bodlogo2\bodlogo2\src\main\java\com\example\Controller.java. Using fallback presentation compiler.
2026.06.02 16:15:08 INFO  no build target found for C:\Dadlaga\Bodlogo\Bodlogo2\bodlogo2\src\main\java\com\example\Controller.java. Using fallback presentation compiler.
2026.06.02 16:15:10 INFO  no build target found for C:\Dadlaga\Bodlogo\Bodlogo2\bodlogo2\src\main\java\com\example\Controller.java. Using fallback presentation compiler.
2026.06.02 16:15:10 INFO  no build target found for C:\Dadlaga\Bodlogo\Bodlogo2\bodlogo2\src\main\java\com\example\Controller.java. Using fallback presentation compiler.
2026.06.02 16:15:12 INFO  no build target found for C:\Dadlaga\Bodlogo\Bodlogo2\bodlogo2\src\main\java\com\example\Controller.java. Using fallback presentation compiler.
2026.06.02 16:15:12 INFO  no build target found for C:\Dadlaga\Bodlogo\Bodlogo2\bodlogo2\src\main\java\com\example\Controller.java. Using fallback presentation compiler.
2026.06.02 16:15:12 INFO  no build target found for C:\Dadlaga\Bodlogo\Bodlogo2\bodlogo2\src\main\java\com\example\Controller.java. Using fallback presentation compiler.
2026.06.02 16:15:13 INFO  no build target found for C:\Dadlaga\Bodlogo\Bodlogo2\bodlogo2\src\main\java\com\example\Controller.java. Using fallback presentation compiler.
2026.06.02 16:15:12 INFO  no build target found for C:\Dadlaga\Bodlogo\Bodlogo2\bodlogo2\src\main\java\com\example\Controller.java. Using fallback presentation compiler.
2026.06.02 16:15:12 INFO  no build target found for C:\Dadlaga\Bodlogo\Bodlogo2\bodlogo2\src\main\java\com\example\Controller.java. Using fallback presentation compiler.
2026.06.02 16:15:12 INFO  no build target found for C:\Dadlaga\Bodlogo\Bodlogo2\bodlogo2\src\main\java\com\example\Controller.java. Using fallback presentation compiler.
2026.06.02 16:15:13 INFO  no build target found for C:\Dadlaga\Bodlogo\Bodlogo2\bodlogo2\src\main\java\com\example\Controller.java. Using fallback presentation compiler.
2026.06.02 16:15:12 INFO  no build target found for C:\Dadlaga\Bodlogo\Bodlogo2\bodlogo2\src\main\java\com\example\Controller.java. Using fallback presentation compiler.
2026.06.02 16:15:12 INFO  no build target found for C:\Dadlaga\Bodlogo\Bodlogo2\bodlogo2\src\main\java\com\example\Controller.java. Using fallback presentation compiler.
2026.06.02 16:15:13 INFO  no build target found for C:\Dadlaga\Bodlogo\Bodlogo2\bodlogo2\src\main\java\com\example\Controller.java. Using fallback presentation compiler.
2026.06.02 16:15:13 INFO  no build target found for C:\Dadlaga\Bodlogo\Bodlogo2\bodlogo2\src\main\java\com\example\Controller.java. Using fallback presentation compiler.
2026.06.02 16:15:14 INFO  no build target found for C:\Dadlaga\Bodlogo\Bodlogo2\bodlogo2\src\main\java\com\example\Controller.java. Using fallback presentation compiler.
2026.06.02 16:15:13 INFO  no build target found for C:\Dadlaga\Bodlogo\Bodlogo2\bodlogo2\src\main\java\com\example\Controller.java. Using fallback presentation compiler.
2026.06.02 16:15:13 INFO  no build target found for C:\Dadlaga\Bodlogo\Bodlogo2\bodlogo2\src\main\java\com\example\Controller.java. Using fallback presentation compiler.
2026.06.02 16:15:18 INFO  no build target found for C:\Dadlaga\Bodlogo\Bodlogo2\bodlogo2\src\main\java\com\example\Controller.java. Using fallback presentation compiler.
2026.06.02 16:15:18 INFO  no build target found for C:\Dadlaga\Bodlogo\Bodlogo2\bodlogo2\src\main\java\com\example\Controller.java. Using fallback presentation compiler.
2026.06.02 16:15:18 INFO  no build target found for C:\Dadlaga\Bodlogo\Bodlogo2\bodlogo2\src\main\java\com\example\Controller.java. Using fallback presentation compiler.
2026.06.02 16:15:18 INFO  no build target found for C:\Dadlaga\Bodlogo\Bodlogo2\bodlogo2\src\main\java\com\example\Controller.java. Using fallback presentation compiler.
2026.06.02 16:15:18 INFO  no build target found for C:\Dadlaga\Bodlogo\Bodlogo2\bodlogo2\src\main\java\com\example\Controller.java. Using fallback presentation compiler.
2026.06.02 16:15:19 INFO  no build target found for C:\Dadlaga\Bodlogo\Bodlogo2\bodlogo2\src\main\java\com\example\Controller.java. Using fallback presentation compiler.
2026.06.02 16:15:19 INFO  no build target found for C:\Dadlaga\Bodlogo\Bodlogo2\bodlogo2\src\main\java\com\example\Controller.java. Using fallback presentation compiler.
2026.06.02 16:15:19 INFO  no build target found for C:\Dadlaga\Bodlogo\Bodlogo2\bodlogo2\src\main\java\com\example\Controller.java. Using fallback presentation compiler.
2026.06.02 16:15:19 INFO  no build target found for C:\Dadlaga\Bodlogo\Bodlogo2\bodlogo2\src\main\java\com\example\Controller.java. Using fallback presentation compiler.
2026.06.02 16:15:19 INFO  no build target found for C:\Dadlaga\Bodlogo\Bodlogo2\bodlogo2\src\main\java\com\example\Controller.java. Using fallback presentation compiler.
2026.06.02 16:15:21 INFO  no build target found for C:\Dadlaga\Bodlogo\Bodlogo2\bodlogo2\src\main\java\com\example\Controller.java. Using fallback presentation compiler.
2026.06.02 16:15:21 INFO  no build target found for C:\Dadlaga\Bodlogo\Bodlogo2\bodlogo2\src\main\java\com\example\Controller.java. Using fallback presentation compiler.
2026.06.02 16:15:21 INFO  no build target found for C:\Dadlaga\Bodlogo\Bodlogo2\bodlogo2\src\main\java\com\example\Controller.java. Using fallback presentation compiler.
2026.06.02 16:15:22 INFO  no build target found for C:\Dadlaga\Bodlogo\Bodlogo2\bodlogo2\src\main\java\com\example\Controller.java. Using fallback presentation compiler.
2026.06.02 16:15:22 INFO  no build target found for C:\Dadlaga\Bodlogo\Bodlogo2\bodlogo2\src\main\java\com\example\Controller.java. Using fallback presentation compiler.
2026.06.02 16:15:24 INFO  no build target found for C:\Dadlaga\Bodlogo\Bodlogo2\bodlogo2\src\main\java\com\example\Controller.java. Using fallback presentation compiler.
2026.06.02 16:15:24 INFO  no build target found for C:\Dadlaga\Bodlogo\Bodlogo2\bodlogo2\src\main\java\com\example\Controller.java. Using fallback presentation compiler.
2026.06.02 16:15:24 INFO  no build target found for C:\Dadlaga\Bodlogo\Bodlogo2\bodlogo2\src\main\java\com\example\Controller.java. Using fallback presentation compiler.
2026.06.02 16:15:24 INFO  no build target found for C:\Dadlaga\Bodlogo\Bodlogo2\bodlogo2\src\main\java\com\example\Controller.java. Using fallback presentation compiler.
2026.06.02 16:15:24 INFO  no build target found for C:\Dadlaga\Bodlogo\Bodlogo2\bodlogo2\src\main\java\com\example\Controller.java. Using fallback presentation compiler.
2026.06.02 16:15:24 INFO  no build target found for C:\Dadlaga\Bodlogo\Bodlogo2\bodlogo2\src\main\java\com\example\Controller.java. Using fallback presentation compiler.
2026.06.02 16:15:25 INFO  no build target found for C:\Dadlaga\Bodlogo\Bodlogo2\bodlogo2\src\main\java\com\example\Controller.java. Using fallback presentation compiler.
2026.06.02 16:15:25 INFO  no build target found for C:\Dadlaga\Bodlogo\Bodlogo2\bodlogo2\src\main\java\com\example\Controller.java. Using fallback presentation compiler.
2026.06.02 16:15:25 INFO  no build target found for C:\Dadlaga\Bodlogo\Bodlogo2\bodlogo2\src\main\java\com\example\Controller.java. Using fallback presentation compiler.
2026.06.02 16:15:25 INFO  no build target found for C:\Dadlaga\Bodlogo\Bodlogo2\bodlogo2\src\main\java\com\example\Controller.java. Using fallback presentation compiler.
2026.06.02 16:15:25 INFO  no build target found for C:\Dadlaga\Bodlogo\Bodlogo2\bodlogo2\src\main\java\com\example\Controller.java. Using fallback presentation compiler.
2026.06.02 16:15:25 INFO  no build target found for C:\Dadlaga\Bodlogo\Bodlogo2\bodlogo2\src\main\java\com\example\Controller.java. Using fallback presentation compiler.
2026.06.02 16:15:26 INFO  no build target found for C:\Dadlaga\Bodlogo\Bodlogo2\bodlogo2\src\main\java\com\example\Controller.java. Using fallback presentation compiler.
2026.06.02 16:15:26 INFO  no build target found for C:\Dadlaga\Bodlogo\Bodlogo2\bodlogo2\src\main\java\com\example\Controller.java. Using fallback presentation compiler.
2026.06.02 16:15:28 INFO  no build target found for C:\Dadlaga\Bodlogo\Bodlogo2\bodlogo2\src\main\java\com\example\Controller.java. Using fallback presentation compiler.
2026.06.02 16:15:28 INFO  no build target found for C:\Dadlaga\Bodlogo\Bodlogo2\bodlogo2\src\main\java\com\example\Controller.java. Using fallback presentation compiler.
2026.06.02 16:15:28 INFO  no build target found for C:\Dadlaga\Bodlogo\Bodlogo2\bodlogo2\src\main\java\com\example\Controller.java. Using fallback presentation compiler.
2026.06.02 16:15:28 INFO  no build target found for C:\Dadlaga\Bodlogo\Bodlogo2\bodlogo2\src\main\java\com\example\Controller.java. Using fallback presentation compiler.
2026.06.02 16:15:28 INFO  no build target found for C:\Dadlaga\Bodlogo\Bodlogo2\bodlogo2\src\main\java\com\example\Controller.java. Using fallback presentation compiler.
2026.06.02 16:15:29 INFO  no build target found for C:\Dadlaga\Bodlogo\Bodlogo2\bodlogo2\src\main\java\com\example\Controller.java. Using fallback presentation compiler.
2026.06.02 16:15:28 INFO  no build target found for C:\Dadlaga\Bodlogo\Bodlogo2\bodlogo2\src\main\java\com\example\Controller.java. Using fallback presentation compiler.
2026.06.02 16:15:29 INFO  no build target found for C:\Dadlaga\Bodlogo\Bodlogo2\bodlogo2\src\main\java\com\example\Controller.java. Using fallback presentation compiler.
2026.06.02 16:15:29 INFO  no build target found for C:\Dadlaga\Bodlogo\Bodlogo2\bodlogo2\src\main\java\com\example\Controller.java. Using fallback presentation compiler.
2026.06.02 16:15:31 INFO  no build target found for C:\Dadlaga\Bodlogo\Bodlogo2\bodlogo2\src\main\java\com\example\Controller.java. Using fallback presentation compiler.
2026.06.02 16:15:31 INFO  no build target found for C:\Dadlaga\Bodlogo\Bodlogo2\bodlogo2\src\main\java\com\example\Controller.java. Using fallback presentation compiler.
2026.06.02 16:15:32 INFO  no build target found for C:\Dadlaga\Bodlogo\Bodlogo2\bodlogo2\src\main\java\com\example\Controller.java. Using fallback presentation compiler.
2026.06.02 16:15:33 INFO  no build target found for C:\Dadlaga\Bodlogo\Bodlogo2\bodlogo2\src\main\java\com\example\Controller.java. Using fallback presentation compiler.
2026.06.02 16:15:36 INFO  no build target found for C:\Dadlaga\Bodlogo\Bodlogo2\bodlogo2\src\main\java\com\example\Controller.java. Using fallback presentation compiler.
2026.06.02 16:15:36 INFO  no build target found for C:\Dadlaga\Bodlogo\Bodlogo2\bodlogo2\src\main\java\com\example\Controller.java. Using fallback presentation compiler.
2026.06.02 16:15:36 INFO  no build target found for C:\Dadlaga\Bodlogo\Bodlogo2\bodlogo2\src\main\java\com\example\Controller.java. Using fallback presentation compiler.
2026.06.02 16:15:36 INFO  no build target found for C:\Dadlaga\Bodlogo\Bodlogo2\bodlogo2\src\main\java\com\example\Controller.java. Using fallback presentation compiler.
2026.06.02 16:15:37 INFO  no build target found for C:\Dadlaga\Bodlogo\Bodlogo2\bodlogo2\src\main\java\com\example\Controller.java. Using fallback presentation compiler.
2026.06.02 16:15:37 INFO  no build target found for C:\Dadlaga\Bodlogo\Bodlogo2\bodlogo2\src\main\java\com\example\Controller.java. Using fallback presentation compiler.
2026.06.02 16:15:37 INFO  no build target found for C:\Dadlaga\Bodlogo\Bodlogo2\bodlogo2\src\main\java\com\example\Controller.java. Using fallback presentation compiler.
2026.06.02 16:15:39 INFO  no build target found for C:\Dadlaga\Bodlogo\Bodlogo2\bodlogo2\src\main\java\com\example\Controller.java. Using fallback presentation compiler.
2026.06.02 16:15:39 INFO  no build target found for C:\Dadlaga\Bodlogo\Bodlogo2\bodlogo2\src\main\java\com\example\Controller.java. Using fallback presentation compiler.
2026.06.02 16:15:39 INFO  no build target found for C:\Dadlaga\Bodlogo\Bodlogo2\bodlogo2\src\main\java\com\example\Controller.java. Using fallback presentation compiler.
2026.06.02 16:15:40 INFO  no build target found for C:\Dadlaga\Bodlogo\Bodlogo2\bodlogo2\src\main\java\com\example\Controller.java. Using fallback presentation compiler.
2026.06.02 16:15:40 INFO  no build target found for C:\Dadlaga\Bodlogo\Bodlogo2\bodlogo2\src\main\java\com\example\Controller.java. Using fallback presentation compiler.
2026.06.02 16:15:41 INFO  no build target found for C:\Dadlaga\Bodlogo\Bodlogo2\bodlogo2\src\main\java\com\example\Controller.java. Using fallback presentation compiler.
2026.06.02 16:15:41 INFO  no build target found for C:\Dadlaga\Bodlogo\Bodlogo2\bodlogo2\src\main\java\com\example\Controller.java. Using fallback presentation compiler.
2026.06.02 16:15:41 INFO  no build target found for C:\Dadlaga\Bodlogo\Bodlogo2\bodlogo2\src\main\java\com\example\Controller.java. Using fallback presentation compiler.
2026.06.02 16:15:41 INFO  no build target found for C:\Dadlaga\Bodlogo\Bodlogo2\bodlogo2\src\main\java\com\example\Controller.java. Using fallback presentation compiler.
2026.06.02 16:15:41 INFO  no build target found for C:\Dadlaga\Bodlogo\Bodlogo2\bodlogo2\src\main\java\com\example\Controller.java. Using fallback presentation compiler.
2026.06.02 16:15:43 INFO  no build target found for C:\Dadlaga\Bodlogo\Bodlogo2\bodlogo2\src\main\java\com\example\Controller.java. Using fallback presentation compiler.
2026.06.02 16:15:43 INFO  no build target found for C:\Dadlaga\Bodlogo\Bodlogo2\bodlogo2\src\main\java\com\example\Controller.java. Using fallback presentation compiler.
Jun 02, 2026 4:15:43 PM org.eclipse.lsp4j.jsonrpc.RemoteEndpoint handleCancellation
WARNING: Unmatched cancel notification for request id 722
2026.06.02 16:15:43 INFO  no build target found for C:\Dadlaga\Bodlogo\Bodlogo2\bodlogo2\src\main\java\com\example\Controller.java. Using fallback presentation compiler.
2026.06.02 16:15:43 INFO  no build target found for C:\Dadlaga\Bodlogo\Bodlogo2\bodlogo2\src\main\java\com\example\Controller.java. Using fallback presentation compiler.
2026.06.02 16:15:43 INFO  no build target found for C:\Dadlaga\Bodlogo\Bodlogo2\bodlogo2\src\main\java\com\example\Controller.java. Using fallback presentation compiler.
2026.06.02 16:15:43 INFO  no build target found for C:\Dadlaga\Bodlogo\Bodlogo2\bodlogo2\src\main\java\com\example\Controller.java. Using fallback presentation compiler.
2026.06.02 16:15:44 INFO  no build target found for C:\Dadlaga\Bodlogo\Bodlogo2\bodlogo2\src\main\java\com\example\Controller.java. Using fallback presentation compiler.
2026.06.02 16:15:44 INFO  no build target found for C:\Dadlaga\Bodlogo\Bodlogo2\bodlogo2\src\main\java\com\example\Controller.java. Using fallback presentation compiler.
2026.06.02 16:15:46 INFO  no build target found for C:\Dadlaga\Bodlogo\Bodlogo2\bodlogo2\src\main\java\com\example\Controller.java. Using fallback presentation compiler.
2026.06.02 16:15:46 INFO  no build target found for C:\Dadlaga\Bodlogo\Bodlogo2\bodlogo2\src\main\java\com\example\Controller.java. Using fallback presentation compiler.
2026.06.02 16:15:46 INFO  no build target found for C:\Dadlaga\Bodlogo\Bodlogo2\bodlogo2\src\main\java\com\example\Controller.java. Using fallback presentation compiler.
2026.06.02 16:15:46 INFO  no build target found for C:\Dadlaga\Bodlogo\Bodlogo2\bodlogo2\src\main\java\com\example\Controller.java. Using fallback presentation compiler.
2026.06.02 16:15:47 INFO  no build target found for C:\Dadlaga\Bodlogo\Bodlogo2\bodlogo2\src\main\java\com\example\Controller.java. Using fallback presentation compiler.
2026.06.02 16:15:47 INFO  no build target found for C:\Dadlaga\Bodlogo\Bodlogo2\bodlogo2\src\main\java\com\example\Controller.java. Using fallback presentation compiler.
2026.06.02 16:15:47 INFO  no build target found for C:\Dadlaga\Bodlogo\Bodlogo2\bodlogo2\src\main\java\com\example\Controller.java. Using fallback presentation compiler.
2026.06.02 16:15:47 INFO  no build target found for C:\Dadlaga\Bodlogo\Bodlogo2\bodlogo2\src\main\java\com\example\Controller.java. Using fallback presentation compiler.
2026.06.02 16:15:48 INFO  no build target found for C:\Dadlaga\Bodlogo\Bodlogo2\bodlogo2\src\main\java\com\example\Controller.java. Using fallback presentation compiler.
2026.06.02 16:15:47 INFO  no build target found for C:\Dadlaga\Bodlogo\Bodlogo2\bodlogo2\src\main\java\com\example\Controller.java. Using fallback presentation compiler.
2026.06.02 16:15:47 INFO  no build target found for C:\Dadlaga\Bodlogo\Bodlogo2\bodlogo2\src\main\java\com\example\Controller.java. Using fallback presentation compiler.
2026.06.02 16:15:48 INFO  no build target found for C:\Dadlaga\Bodlogo\Bodlogo2\bodlogo2\src\main\java\com\example\Controller.java. Using fallback presentation compiler.
2026.06.02 16:15:47 INFO  no build target found for C:\Dadlaga\Bodlogo\Bodlogo2\bodlogo2\src\main\java\com\example\Controller.java. Using fallback presentation compiler.
2026.06.02 16:15:48 INFO  no build target found for C:\Dadlaga\Bodlogo\Bodlogo2\bodlogo2\src\main\java\com\example\Controller.java. Using fallback presentation compiler.
2026.06.02 16:15:48 INFO  no build target found for C:\Dadlaga\Bodlogo\Bodlogo2\bodlogo2\src\main\java\com\example\Controller.java. Using fallback presentation compiler.
2026.06.02 16:15:48 INFO  no build target found for C:\Dadlaga\Bodlogo\Bodlogo2\bodlogo2\src\main\java\com\example\Controller.java. Using fallback presentation compiler.
2026.06.02 16:15:48 INFO  no build target found for C:\Dadlaga\Bodlogo\Bodlogo2\bodlogo2\src\main\java\com\example\Controller.java. Using fallback presentation compiler.
2026.06.02 16:15:48 INFO  no build target found for C:\Dadlaga\Bodlogo\Bodlogo2\bodlogo2\src\main\java\com\example\Controller.java. Using fallback presentation compiler.
2026.06.02 16:15:48 INFO  no build target found for C:\Dadlaga\Bodlogo\Bodlogo2\bodlogo2\src\main\java\com\example\Controller.java. Using fallback presentation compiler.
2026.06.02 16:15:48 INFO  no build target found for C:\Dadlaga\Bodlogo\Bodlogo2\bodlogo2\src\main\java\com\example\Controller.java. Using fallback presentation compiler.
2026.06.02 16:15:48 INFO  no build target found for C:\Dadlaga\Bodlogo\Bodlogo2\bodlogo2\src\main\java\com\example\Controller.java. Using fallback presentation compiler.
2026.06.02 16:15:51 INFO  no build target found for C:\Dadlaga\Bodlogo\Bodlogo2\bodlogo2\src\main\java\com\example\Controller.java. Using fallback presentation compiler.
2026.06.02 16:15:51 INFO  no build target found for C:\Dadlaga\Bodlogo\Bodlogo2\bodlogo2\src\main\java\com\example\Controller.java. Using fallback presentation compiler.
2026.06.02 16:15:51 INFO  no build target found for C:\Dadlaga\Bodlogo\Bodlogo2\bodlogo2\src\main\java\com\example\Controller.java. Using fallback presentation compiler.
2026.06.02 16:15:52 INFO  no build target found for C:\Dadlaga\Bodlogo\Bodlogo2\bodlogo2\src\main\java\com\example\Controller.java. Using fallback presentation compiler.
2026.06.02 16:15:52 INFO  no build target found for C:\Dadlaga\Bodlogo\Bodlogo2\bodlogo2\src\main\java\com\example\Controller.java. Using fallback presentation compiler.
2026.06.02 16:15:52 INFO  no build target found for C:\Dadlaga\Bodlogo\Bodlogo2\bodlogo2\src\main\java\com\example\Controller.java. Using fallback presentation compiler.
2026.06.02 16:15:52 INFO  no build target found for C:\Dadlaga\Bodlogo\Bodlogo2\bodlogo2\src\main\java\com\example\Controller.java. Using fallback presentation compiler.
2026.06.02 16:15:52 INFO  no build target found for C:\Dadlaga\Bodlogo\Bodlogo2\bodlogo2\src\main\java\com\example\Controller.java. Using fallback presentation compiler.
2026.06.02 16:15:52 INFO  no build target found for C:\Dadlaga\Bodlogo\Bodlogo2\bodlogo2\src\main\java\com\example\Controller.java. Using fallback presentation compiler.
2026.06.02 16:15:53 INFO  no build target found for C:\Dadlaga\Bodlogo\Bodlogo2\bodlogo2\src\main\java\com\example\Controller.java. Using fallback presentation compiler.
2026.06.02 16:15:53 INFO  no build target found for C:\Dadlaga\Bodlogo\Bodlogo2\bodlogo2\src\main\java\com\example\Controller.java. Using fallback presentation compiler.
2026.06.02 16:15:53 INFO  no build target found for C:\Dadlaga\Bodlogo\Bodlogo2\bodlogo2\src\main\java\com\example\Controller.java. Using fallback presentation compiler.
2026.06.02 16:15:54 INFO  no build target found for C:\Dadlaga\Bodlogo\Bodlogo2\bodlogo2\src\main\java\com\example\Controller.java. Using fallback presentation compiler.
2026.06.02 16:15:53 INFO  no build target found for C:\Dadlaga\Bodlogo\Bodlogo2\bodlogo2\src\main\java\com\example\Controller.java. Using fallback presentation compiler.
2026.06.02 16:15:53 INFO  no build target found for C:\Dadlaga\Bodlogo\Bodlogo2\bodlogo2\src\main\java\com\example\Controller.java. Using fallback presentation compiler.
2026.06.02 16:15:53 INFO  no build target found for C:\Dadlaga\Bodlogo\Bodlogo2\bodlogo2\src\main\java\com\example\Controller.java. Using fallback presentation compiler.
2026.06.02 16:15:53 INFO  no build target found for C:\Dadlaga\Bodlogo\Bodlogo2\bodlogo2\src\main\java\com\example\Controller.java. Using fallback presentation compiler.
2026.06.02 16:15:54 INFO  no build target found for C:\Dadlaga\Bodlogo\Bodlogo2\bodlogo2\src\main\java\com\example\Controller.java. Using fallback presentation compiler.
2026.06.02 16:15:53 INFO  no build target found for C:\Dadlaga\Bodlogo\Bodlogo2\bodlogo2\src\main\java\com\example\Controller.java. Using fallback presentation compiler.
2026.06.02 16:15:54 INFO  no build target found for C:\Dadlaga\Bodlogo\Bodlogo2\bodlogo2\src\main\java\com\example\Controller.java. Using fallback presentation compiler.
2026.06.02 16:15:54 INFO  no build target found for C:\Dadlaga\Bodlogo\Bodlogo2\bodlogo2\src\main\java\com\example\Controller.java. Using fallback presentation compiler.
2026.06.02 16:15:55 INFO  no build target found for C:\Dadlaga\Bodlogo\Bodlogo2\bodlogo2\src\main\java\com\example\Controller.java. Using fallback presentation compiler.
2026.06.02 16:15:54 INFO  no build target found for C:\Dadlaga\Bodlogo\Bodlogo2\bodlogo2\src\main\java\com\example\Controller.java. Using fallback presentation compiler.
2026.06.02 16:15:54 INFO  no build target found for C:\Dadlaga\Bodlogo\Bodlogo2\bodlogo2\src\main\java\com\example\Controller.java. Using fallback presentation compiler.
2026.06.02 16:15:58 INFO  no build target found for C:\Dadlaga\Bodlogo\Bodlogo2\bodlogo2\src\main\java\com\example\Controller.java. Using fallback presentation compiler.
2026.06.02 16:15:58 INFO  no build target found for C:\Dadlaga\Bodlogo\Bodlogo2\bodlogo2\src\main\java\com\example\Controller.java. Using fallback presentation compiler.
2026.06.02 16:16:13 INFO  no build target found for C:\Dadlaga\Bodlogo\Bodlogo2\bodlogo2\src\main\java\com\example\Controller.java. Using fallback presentation compiler.
2026.06.02 16:16:13 INFO  no build target found for C:\Dadlaga\Bodlogo\Bodlogo2\bodlogo2\src\main\java\com\example\Controller.java. Using fallback presentation compiler.
2026.06.02 16:16:13 INFO  no build target found for C:\Dadlaga\Bodlogo\Bodlogo2\bodlogo2\src\main\java\com\example\Controller.java. Using fallback presentation compiler.
2026.06.02 16:16:32 INFO  no build target found for C:\Dadlaga\Bodlogo\Bodlogo2\bodlogo2\src\main\java\com\example\Controller.java. Using fallback presentation compiler.
2026.06.02 16:16:32 INFO  no build target found for C:\Dadlaga\Bodlogo\Bodlogo2\bodlogo2\src\main\java\com\example\Controller.java. Using fallback presentation compiler.
2026.06.02 16:16:32 INFO  no build target found for C:\Dadlaga\Bodlogo\Bodlogo2\bodlogo2\src\main\java\com\example\Controller.java. Using fallback presentation compiler.
2026.06.02 16:16:32 INFO  no build target found for C:\Dadlaga\Bodlogo\Bodlogo2\bodlogo2\src\main\java\com\example\Controller.java. Using fallback presentation compiler.
2026.06.02 16:16:34 INFO  no build target found for C:\Dadlaga\Bodlogo\Bodlogo2\bodlogo2\src\main\java\com\example\Controller.java. Using fallback presentation compiler.
2026.06.02 16:16:34 INFO  no build target found for C:\Dadlaga\Bodlogo\Bodlogo2\bodlogo2\src\main\java\com\example\Controller.java. Using fallback presentation compiler.
2026.06.02 16:16:34 INFO  no build target found for C:\Dadlaga\Bodlogo\Bodlogo2\bodlogo2\src\main\java\com\example\Controller.java. Using fallback presentation compiler.
2026.06.02 16:16:34 INFO  no build target found for C:\Dadlaga\Bodlogo\Bodlogo2\bodlogo2\src\main\java\com\example\Controller.java. Using fallback presentation compiler.
2026.06.02 16:16:34 INFO  no build target found for C:\Dadlaga\Bodlogo\Bodlogo2\bodlogo2\src\main\java\com\example\Controller.java. Using fallback presentation compiler.
2026.06.02 16:16:37 INFO  no build target found for C:\Dadlaga\Bodlogo\Bodlogo2\bodlogo2\src\main\java\com\example\Controller.java. Using fallback presentation compiler.
2026.06.02 16:16:37 INFO  no build target found for C:\Dadlaga\Bodlogo\Bodlogo2\bodlogo2\src\main\java\com\example\Controller.java. Using fallback presentation compiler.
2026.06.02 16:16:37 INFO  no build target found for C:\Dadlaga\Bodlogo\Bodlogo2\bodlogo2\src\main\java\com\example\Controller.java. Using fallback presentation compiler.
2026.06.02 16:16:37 INFO  no build target found for C:\Dadlaga\Bodlogo\Bodlogo2\bodlogo2\src\main\java\com\example\Controller.java. Using fallback presentation compiler.
2026.06.02 16:16:37 INFO  no build target found for C:\Dadlaga\Bodlogo\Bodlogo2\bodlogo2\src\main\java\com\example\Controller.java. Using fallback presentation compiler.
2026.06.02 16:16:38 INFO  no build target found for C:\Dadlaga\Bodlogo\Bodlogo2\bodlogo2\src\main\java\com\example\Controller.java. Using fallback presentation compiler.
2026.06.02 16:16:37 INFO  no build target found for C:\Dadlaga\Bodlogo\Bodlogo2\bodlogo2\src\main\java\com\example\Controller.java. Using fallback presentation compiler.
2026.06.02 16:16:38 WARN  no build target for: C:\Dadlaga\Bodlogo\Bodlogo2\bodlogo2\src\main\java\com\example\Controller.java
2026.06.02 16:16:38 INFO  no build target found for C:\Dadlaga\Bodlogo\Bodlogo2\bodlogo2\src\main\java\com\example\Controller.java. Using fallback presentation compiler.
2026.06.02 16:16:38 INFO  no build target found for C:\Dadlaga\Bodlogo\Bodlogo2\bodlogo2\src\main\java\com\example\Controller.java. Using fallback presentation compiler.
2026.06.02 16:18:05 INFO  Shutting down server
2026.06.02 16:18:05 INFO  Memory monitor stopped
2026.06.02 16:18:05 INFO  shutting down Metals
2026.06.02 16:18:05 INFO  Exiting server
2026.06.03 11:15:44 INFO  Started: Metals version 1.6.7 in folders 'C:\Dadlaga\Bodlogo\Bodlogo2' for client Visual Studio Code 1.122.1.
2026.06.03 11:15:44 INFO  time: initialize in 0.23s
2026.06.03 11:15:44 INFO  Memory monitor started
2026.06.03 11:15:48 WARN  Using H2 2.4.240 which is newer than the version Flyway has been verified with. The latest verified version of H2 is 2.3.232.
2026.06.03 11:15:49 INFO  no build target found for C:\Dadlaga\Bodlogo\Bodlogo2\bodlogo2\src\main\java\com\example\Controller.java. Using fallback presentation compiler.
Jun 03, 2026 11:15:51 AM org.eclipse.lsp4j.jsonrpc.RemoteEndpoint handleCancellation
WARNING: Unmatched cancel notification for request id 2
2026.06.03 11:15:51 INFO  no build target found for C:\Dadlaga\Bodlogo\Bodlogo2\bodlogo2\src\main\java\com\example\Controller.java. Using fallback presentation compiler.
2026.06.03 11:15:51 INFO  no build target found for C:\Dadlaga\Bodlogo\Bodlogo2\bodlogo2\src\main\java\com\example\Controller.java. Using fallback presentation compiler.
2026.06.03 11:15:51 INFO  no build target found for C:\Dadlaga\Bodlogo\Bodlogo2\bodlogo2\src\main\java\com\example\Controller.java. Using fallback presentation compiler.
2026.06.03 11:15:52 INFO  no build target found for C:\Dadlaga\Bodlogo\Bodlogo2\bodlogo2\src\main\java\com\example\Controller.java. Using fallback presentation compiler.
Jun 03, 2026 11:15:52 AM org.eclipse.lsp4j.jsonrpc.RemoteEndpoint handleCancellation
WARNING: Unmatched cancel notification for request id 6
Jun 03, 2026 11:15:52 AM org.eclipse.lsp4j.jsonrpc.RemoteEndpoint handleCancellation
WARNING: Unmatched cancel notification for request id 7
Jun 03, 2026 11:15:52 AM org.eclipse.lsp4j.jsonrpc.RemoteEndpoint handleCancellation
WARNING: Unmatched cancel notification for request id 8
Jun 03, 2026 11:15:52 AM org.eclipse.lsp4j.jsonrpc.RemoteEndpoint handleCancellation
WARNING: Unmatched cancel notification for request id 3
Jun 03, 2026 11:15:52 AM org.eclipse.lsp4j.jsonrpc.RemoteEndpoint handleCancellation
WARNING: Unmatched cancel notification for request id 9
2026.06.03 11:15:52 INFO  no build target found for C:\Dadlaga\Bodlogo\Bodlogo2\bodlogo2\src\main\java\com\example\Controller.java. Using fallback presentation compiler.
2026.06.03 11:15:53 INFO  no build target found for C:\Dadlaga\Bodlogo\Bodlogo2\bodlogo2\src\main\java\com\example\Controller.java. Using fallback presentation compiler.
2026.06.03 11:15:53 WARN  no build target for: C:\Dadlaga\Bodlogo\Bodlogo2\bodlogo2\src\main\java\com\example\Controller.java
2026.06.03 11:15:55 INFO  no build target found for C:\Dadlaga\Bodlogo\Bodlogo2\bodlogo2\src\main\java\com\example\Controller.java. Using fallback presentation compiler.
2026.06.03 11:15:55 INFO  no build target found for C:\Dadlaga\Bodlogo\Bodlogo2\bodlogo2\src\main\java\com\example\Controller.java. Using fallback presentation compiler.
Jun 03, 2026 11:15:56 AM org.eclipse.lsp4j.jsonrpc.RemoteEndpoint handleCancellation
WARNING: Unmatched cancel notification for request id 13
2026.06.03 11:15:56 INFO  time: code lens generation in 3.23s
2026.06.03 11:16:00 INFO  no build target found for C:\Dadlaga\Bodlogo\Bodlogo2\bodlogo2\src\main\java\com\example\Controller.java. Using fallback presentation compiler.
2026.06.03 11:16:03 WARN  no build target for: C:\Dadlaga\Bodlogo\Bodlogo2\bodlogo2\src\main\java\com\example\App.java
2026.06.03 11:16:03 INFO  no build target found for C:\Dadlaga\Bodlogo\Bodlogo2\bodlogo2\src\main\java\com\example\App.java. Using fallback presentation compiler.
2026.06.03 11:16:03 INFO  no build target found for C:\Dadlaga\Bodlogo\Bodlogo2\bodlogo2\src\main\java\com\example\App.java. Using fallback presentation compiler.
2026.06.03 11:16:03 INFO  no build target found for C:\Dadlaga\Bodlogo\Bodlogo2\bodlogo2\src\main\java\com\example\App.java. Using fallback presentation compiler.
Jun 03, 2026 11:16:03 AM org.eclipse.lsp4j.jsonrpc.RemoteEndpoint handleCancellation
WARNING: Unmatched cancel notification for request id 21
2026.06.03 11:16:03 INFO  no build target found for C:\Dadlaga\Bodlogo\Bodlogo2\bodlogo2\src\main\java\com\example\App.java. Using fallback presentation compiler.
2026.06.03 11:16:04 INFO  no build target found for C:\Dadlaga\Bodlogo\Bodlogo2\bodlogo2\src\main\java\com\example\App.java. Using fallback presentation compiler.
2026.06.03 11:16:05 INFO  no build target found for C:\Dadlaga\Bodlogo\Bodlogo2\bodlogo2\src\main\java\com\example\App.java. Using fallback presentation compiler.
2026.06.03 11:16:07 INFO  no build target found for C:\Dadlaga\Bodlogo\Bodlogo2\bodlogo2\src\main\java\com\example\App.java. Using fallback presentation compiler.
2026.06.03 11:16:24 INFO  no build target found for C:\Dadlaga\Bodlogo\Bodlogo2\bodlogo2\src\main\java\com\example\App.java. Using fallback presentation compiler.
2026.06.03 11:16:25 INFO  no build target found for C:\Dadlaga\Bodlogo\Bodlogo2\bodlogo2\src\main\java\com\example\App.java. Using fallback presentation compiler.
2026.06.03 11:16:27 INFO  no build target found for C:\Dadlaga\Bodlogo\Bodlogo2\bodlogo2\src\main\java\com\example\App.java. Using fallback presentation compiler.
2026.06.03 11:16:27 INFO  no build target found for C:\Dadlaga\Bodlogo\Bodlogo2\bodlogo2\src\main\java\com\example\App.java. Using fallback presentation compiler.
2026.06.03 11:16:28 INFO  no build target found for C:\Dadlaga\Bodlogo\Bodlogo2\bodlogo2\src\main\java\com\example\App.java. Using fallback presentation compiler.
2026.06.03 11:16:28 INFO  no build target found for C:\Dadlaga\Bodlogo\Bodlogo2\bodlogo2\src\main\java\com\example\App.java. Using fallback presentation compiler.
2026.06.03 11:16:29 INFO  no build target found for C:\Dadlaga\Bodlogo\Bodlogo2\bodlogo2\src\main\java\com\example\App.java. Using fallback presentation compiler.
2026.06.03 11:17:27 INFO  no build target found for C:\Dadlaga\Bodlogo\Bodlogo2\bodlogo2\src\main\java\com\example\App.java. Using fallback presentation compiler.
2026.06.03 11:18:05 INFO  Shutting down server
2026.06.03 11:18:05 INFO  Memory monitor stopped
2026.06.03 11:18:05 INFO  shutting down Metals
2026.06.03 11:18:05 INFO  Exiting server
